
*** Running vivado
    with args -log DPU_wrapper.vds -m64 -product Vivado -mode batch -messageDb vivado.pb -notrace -source DPU_wrapper.tcl



****** Vivado v2025.2 (64-bit)
  **** SW Build 6299465 on Fri Nov 14 19:35:11 GMT 2025
  **** IP Build 6300035 on Fri Nov 14 10:48:45 MST 2025
  **** SharedData Build 6298862 on Thu Nov 13 04:50:51 MST 2025
  **** Start of session at: Thu Sep 10 19:31:33 2026
    ** Copyright 1986-2022 Xilinx, Inc. All Rights Reserved.
    ** Copyright 2022-2025 Advanced Micro Devices, Inc. All Rights Reserved.

source DPU_wrapper.tcl -notrace
create_project: Time (s): cpu = 00:00:37 ; elapsed = 00:02:29 . Memory (MB): peak = 554.266 ; gain = 220.457
INFO: [IP_Flow 19-234] Refreshing IP repositories
INFO: [IP_Flow 19-1700] Loaded user IP repository 'd:/project/dpu_conv_top'.
INFO: [IP_Flow 19-2313] Loaded Vivado IP repository 'C:/AMDDesignTools/2025.2/Vivado/data/ip'.
update_ip_catalog: Time (s): cpu = 00:00:02 ; elapsed = 00:00:08 . Memory (MB): peak = 572.145 ; gain = 17.879
add_files: Time (s): cpu = 00:00:13 ; elapsed = 00:00:39 . Memory (MB): peak = 593.586 ; gain = 21.441
Command: synth_design -top DPU_wrapper -part xc7z020clg400-1
Starting synth_design
Attempting to get a license for feature 'Synthesis' and/or device 'xc7z020'
INFO: [Common 17-349] Got license for feature 'Synthesis' and/or device 'xc7z020'
INFO: [Device 21-403] Loading part xc7z020clg400-1
INFO: [Synth 8-7079] Multithreading enabled for synth_design using a maximum of 2 processes.
INFO: [Synth 8-7078] Launching helper process for spawning children vivado processes
INFO: [Synth 8-7075] Helper process launched with PID 10704
---------------------------------------------------------------------------------
Starting RTL Elaboration : Time (s): cpu = 00:00:34 ; elapsed = 00:00:51 . Memory (MB): peak = 1391.160 ; gain = 539.855
---------------------------------------------------------------------------------
INFO: [Synth 8-6157] synthesizing module 'DPU_wrapper' [d:/project/DPU_Project_vivado/DPU_vivado/DPU_vivado.gen/sources_1/bd/DPU/hdl/DPU_wrapper.v:13]
INFO: [Synth 8-6157] synthesizing module 'DPU' [d:/project/DPU_Project_vivado/DPU_vivado/DPU_vivado.gen/sources_1/bd/DPU/synth/DPU.v:13]
INFO: [Synth 8-6157] synthesizing module 'DPU_axi_smc_0' [D:/project/DPU_Project_vivado/DPU_vivado/DPU_vivado.runs/synth_1/.Xil/Vivado-23180-LAPTOP-MPD8ATBV/realtime/DPU_axi_smc_0_stub.v:6]
INFO: [Synth 8-6155] done synthesizing module 'DPU_axi_smc_0' (0#1) [D:/project/DPU_Project_vivado/DPU_vivado/DPU_vivado.runs/synth_1/.Xil/Vivado-23180-LAPTOP-MPD8ATBV/realtime/DPU_axi_smc_0_stub.v:6]
WARNING: [Synth 8-7071] port 'M00_AXI_awprot' of module 'DPU_axi_smc_0' is unconnected for instance 'axi_smc' [d:/project/DPU_Project_vivado/DPU_vivado/DPU_vivado.gen/sources_1/bd/DPU/synth/DPU.v:155]
WARNING: [Synth 8-7071] port 'M00_AXI_arprot' of module 'DPU_axi_smc_0' is unconnected for instance 'axi_smc' [d:/project/DPU_Project_vivado/DPU_vivado/DPU_vivado.gen/sources_1/bd/DPU/synth/DPU.v:155]
WARNING: [Synth 8-7071] port 'M01_AXI_awprot' of module 'DPU_axi_smc_0' is unconnected for instance 'axi_smc' [d:/project/DPU_Project_vivado/DPU_vivado/DPU_vivado.gen/sources_1/bd/DPU/synth/DPU.v:155]
WARNING: [Synth 8-7071] port 'M01_AXI_arprot' of module 'DPU_axi_smc_0' is unconnected for instance 'axi_smc' [d:/project/DPU_Project_vivado/DPU_vivado/DPU_vivado.gen/sources_1/bd/DPU/synth/DPU.v:155]
WARNING: [Synth 8-7023] instance 'axi_smc' of module 'DPU_axi_smc_0' has 78 connections declared, but only 74 given [d:/project/DPU_Project_vivado/DPU_vivado/DPU_vivado.gen/sources_1/bd/DPU/synth/DPU.v:155]
INFO: [Synth 8-6157] synthesizing module 'DPU_dpu_conv_top_0_0' [D:/project/DPU_Project_vivado/DPU_vivado/DPU_vivado.runs/synth_1/.Xil/Vivado-23180-LAPTOP-MPD8ATBV/realtime/DPU_dpu_conv_top_0_0_stub.v:6]
INFO: [Synth 8-6155] done synthesizing module 'DPU_dpu_conv_top_0_0' (0#1) [D:/project/DPU_Project_vivado/DPU_vivado/DPU_vivado.runs/synth_1/.Xil/Vivado-23180-LAPTOP-MPD8ATBV/realtime/DPU_dpu_conv_top_0_0_stub.v:6]
WARNING: [Synth 8-7071] port 'interrupt' of module 'DPU_dpu_conv_top_0_0' is unconnected for instance 'dpu_conv_top_0' [d:/project/DPU_Project_vivado/DPU_vivado/DPU_vivado.gen/sources_1/bd/DPU/synth/DPU.v:230]
WARNING: [Synth 8-7071] port 'm_axi_gmem0_0_ARADDR' of module 'DPU_dpu_conv_top_0_0' is unconnected for instance 'dpu_conv_top_0' [d:/project/DPU_Project_vivado/DPU_vivado/DPU_vivado.gen/sources_1/bd/DPU/synth/DPU.v:230]
WARNING: [Synth 8-7071] port 'm_axi_gmem0_0_ARBURST' of module 'DPU_dpu_conv_top_0_0' is unconnected for instance 'dpu_conv_top_0' [d:/project/DPU_Project_vivado/DPU_vivado/DPU_vivado.gen/sources_1/bd/DPU/synth/DPU.v:230]
WARNING: [Synth 8-7071] port 'm_axi_gmem0_0_ARCACHE' of module 'DPU_dpu_conv_top_0_0' is unconnected for instance 'dpu_conv_top_0' [d:/project/DPU_Project_vivado/DPU_vivado/DPU_vivado.gen/sources_1/bd/DPU/synth/DPU.v:230]
WARNING: [Synth 8-7071] port 'm_axi_gmem0_0_ARID' of module 'DPU_dpu_conv_top_0_0' is unconnected for instance 'dpu_conv_top_0' [d:/project/DPU_Project_vivado/DPU_vivado/DPU_vivado.gen/sources_1/bd/DPU/synth/DPU.v:230]
WARNING: [Synth 8-7071] port 'm_axi_gmem0_0_ARLEN' of module 'DPU_dpu_conv_top_0_0' is unconnected for instance 'dpu_conv_top_0' [d:/project/DPU_Project_vivado/DPU_vivado/DPU_vivado.gen/sources_1/bd/DPU/synth/DPU.v:230]
WARNING: [Synth 8-7071] port 'm_axi_gmem0_0_ARLOCK' of module 'DPU_dpu_conv_top_0_0' is unconnected for instance 'dpu_conv_top_0' [d:/project/DPU_Project_vivado/DPU_vivado/DPU_vivado.gen/sources_1/bd/DPU/synth/DPU.v:230]
WARNING: [Synth 8-7071] port 'm_axi_gmem0_0_ARPROT' of module 'DPU_dpu_conv_top_0_0' is unconnected for instance 'dpu_conv_top_0' [d:/project/DPU_Project_vivado/DPU_vivado/DPU_vivado.gen/sources_1/bd/DPU/synth/DPU.v:230]
WARNING: [Synth 8-7071] port 'm_axi_gmem0_0_ARQOS' of module 'DPU_dpu_conv_top_0_0' is unconnected for instance 'dpu_conv_top_0' [d:/project/DPU_Project_vivado/DPU_vivado/DPU_vivado.gen/sources_1/bd/DPU/synth/DPU.v:230]
WARNING: [Synth 8-7071] port 'm_axi_gmem0_0_ARREGION' of module 'DPU_dpu_conv_top_0_0' is unconnected for instance 'dpu_conv_top_0' [d:/project/DPU_Project_vivado/DPU_vivado/DPU_vivado.gen/sources_1/bd/DPU/synth/DPU.v:230]
WARNING: [Synth 8-7071] port 'm_axi_gmem0_0_ARSIZE' of module 'DPU_dpu_conv_top_0_0' is unconnected for instance 'dpu_conv_top_0' [d:/project/DPU_Project_vivado/DPU_vivado/DPU_vivado.gen/sources_1/bd/DPU/synth/DPU.v:230]
WARNING: [Synth 8-7071] port 'm_axi_gmem0_0_ARVALID' of module 'DPU_dpu_conv_top_0_0' is unconnected for instance 'dpu_conv_top_0' [d:/project/DPU_Project_vivado/DPU_vivado/DPU_vivado.gen/sources_1/bd/DPU/synth/DPU.v:230]
WARNING: [Synth 8-7071] port 'm_axi_gmem0_0_AWADDR' of module 'DPU_dpu_conv_top_0_0' is unconnected for instance 'dpu_conv_top_0' [d:/project/DPU_Project_vivado/DPU_vivado/DPU_vivado.gen/sources_1/bd/DPU/synth/DPU.v:230]
WARNING: [Synth 8-7071] port 'm_axi_gmem0_0_AWBURST' of module 'DPU_dpu_conv_top_0_0' is unconnected for instance 'dpu_conv_top_0' [d:/project/DPU_Project_vivado/DPU_vivado/DPU_vivado.gen/sources_1/bd/DPU/synth/DPU.v:230]
WARNING: [Synth 8-7071] port 'm_axi_gmem0_0_AWCACHE' of module 'DPU_dpu_conv_top_0_0' is unconnected for instance 'dpu_conv_top_0' [d:/project/DPU_Project_vivado/DPU_vivado/DPU_vivado.gen/sources_1/bd/DPU/synth/DPU.v:230]
WARNING: [Synth 8-7071] port 'm_axi_gmem0_0_AWID' of module 'DPU_dpu_conv_top_0_0' is unconnected for instance 'dpu_conv_top_0' [d:/project/DPU_Project_vivado/DPU_vivado/DPU_vivado.gen/sources_1/bd/DPU/synth/DPU.v:230]
WARNING: [Synth 8-7071] port 'm_axi_gmem0_0_AWLEN' of module 'DPU_dpu_conv_top_0_0' is unconnected for instance 'dpu_conv_top_0' [d:/project/DPU_Project_vivado/DPU_vivado/DPU_vivado.gen/sources_1/bd/DPU/synth/DPU.v:230]
WARNING: [Synth 8-7071] port 'm_axi_gmem0_0_AWLOCK' of module 'DPU_dpu_conv_top_0_0' is unconnected for instance 'dpu_conv_top_0' [d:/project/DPU_Project_vivado/DPU_vivado/DPU_vivado.gen/sources_1/bd/DPU/synth/DPU.v:230]
WARNING: [Synth 8-7071] port 'm_axi_gmem0_0_AWPROT' of module 'DPU_dpu_conv_top_0_0' is unconnected for instance 'dpu_conv_top_0' [d:/project/DPU_Project_vivado/DPU_vivado/DPU_vivado.gen/sources_1/bd/DPU/synth/DPU.v:230]
WARNING: [Synth 8-7071] port 'm_axi_gmem0_0_AWQOS' of module 'DPU_dpu_conv_top_0_0' is unconnected for instance 'dpu_conv_top_0' [d:/project/DPU_Project_vivado/DPU_vivado/DPU_vivado.gen/sources_1/bd/DPU/synth/DPU.v:230]
WARNING: [Synth 8-7071] port 'm_axi_gmem0_0_AWREGION' of module 'DPU_dpu_conv_top_0_0' is unconnected for instance 'dpu_conv_top_0' [d:/project/DPU_Project_vivado/DPU_vivado/DPU_vivado.gen/sources_1/bd/DPU/synth/DPU.v:230]
WARNING: [Synth 8-7071] port 'm_axi_gmem0_0_AWSIZE' of module 'DPU_dpu_conv_top_0_0' is unconnected for instance 'dpu_conv_top_0' [d:/project/DPU_Project_vivado/DPU_vivado/DPU_vivado.gen/sources_1/bd/DPU/synth/DPU.v:230]
WARNING: [Synth 8-7071] port 'm_axi_gmem0_0_AWVALID' of module 'DPU_dpu_conv_top_0_0' is unconnected for instance 'dpu_conv_top_0' [d:/project/DPU_Project_vivado/DPU_vivado/DPU_vivado.gen/sources_1/bd/DPU/synth/DPU.v:230]
WARNING: [Synth 8-7071] port 'm_axi_gmem0_0_BREADY' of module 'DPU_dpu_conv_top_0_0' is unconnected for instance 'dpu_conv_top_0' [d:/project/DPU_Project_vivado/DPU_vivado/DPU_vivado.gen/sources_1/bd/DPU/synth/DPU.v:230]
WARNING: [Synth 8-7071] port 'm_axi_gmem0_0_RREADY' of module 'DPU_dpu_conv_top_0_0' is unconnected for instance 'dpu_conv_top_0' [d:/project/DPU_Project_vivado/DPU_vivado/DPU_vivado.gen/sources_1/bd/DPU/synth/DPU.v:230]
WARNING: [Synth 8-7071] port 'm_axi_gmem0_0_WDATA' of module 'DPU_dpu_conv_top_0_0' is unconnected for instance 'dpu_conv_top_0' [d:/project/DPU_Project_vivado/DPU_vivado/DPU_vivado.gen/sources_1/bd/DPU/synth/DPU.v:230]
WARNING: [Synth 8-7071] port 'm_axi_gmem0_0_WID' of module 'DPU_dpu_conv_top_0_0' is unconnected for instance 'dpu_conv_top_0' [d:/project/DPU_Project_vivado/DPU_vivado/DPU_vivado.gen/sources_1/bd/DPU/synth/DPU.v:230]
WARNING: [Synth 8-7071] port 'm_axi_gmem0_0_WLAST' of module 'DPU_dpu_conv_top_0_0' is unconnected for instance 'dpu_conv_top_0' [d:/project/DPU_Project_vivado/DPU_vivado/DPU_vivado.gen/sources_1/bd/DPU/synth/DPU.v:230]
WARNING: [Synth 8-7071] port 'm_axi_gmem0_0_WSTRB' of module 'DPU_dpu_conv_top_0_0' is unconnected for instance 'dpu_conv_top_0' [d:/project/DPU_Project_vivado/DPU_vivado/DPU_vivado.gen/sources_1/bd/DPU/synth/DPU.v:230]
WARNING: [Synth 8-7071] port 'm_axi_gmem0_0_WVALID' of module 'DPU_dpu_conv_top_0_0' is unconnected for instance 'dpu_conv_top_0' [d:/project/DPU_Project_vivado/DPU_vivado/DPU_vivado.gen/sources_1/bd/DPU/synth/DPU.v:230]
WARNING: [Synth 8-7071] port 'm_axi_gmem0_1_ARADDR' of module 'DPU_dpu_conv_top_0_0' is unconnected for instance 'dpu_conv_top_0' [d:/project/DPU_Project_vivado/DPU_vivado/DPU_vivado.gen/sources_1/bd/DPU/synth/DPU.v:230]
WARNING: [Synth 8-7071] port 'm_axi_gmem0_1_ARBURST' of module 'DPU_dpu_conv_top_0_0' is unconnected for instance 'dpu_conv_top_0' [d:/project/DPU_Project_vivado/DPU_vivado/DPU_vivado.gen/sources_1/bd/DPU/synth/DPU.v:230]
WARNING: [Synth 8-7071] port 'm_axi_gmem0_1_ARCACHE' of module 'DPU_dpu_conv_top_0_0' is unconnected for instance 'dpu_conv_top_0' [d:/project/DPU_Project_vivado/DPU_vivado/DPU_vivado.gen/sources_1/bd/DPU/synth/DPU.v:230]
WARNING: [Synth 8-7071] port 'm_axi_gmem0_1_ARID' of module 'DPU_dpu_conv_top_0_0' is unconnected for instance 'dpu_conv_top_0' [d:/project/DPU_Project_vivado/DPU_vivado/DPU_vivado.gen/sources_1/bd/DPU/synth/DPU.v:230]
WARNING: [Synth 8-7071] port 'm_axi_gmem0_1_ARLEN' of module 'DPU_dpu_conv_top_0_0' is unconnected for instance 'dpu_conv_top_0' [d:/project/DPU_Project_vivado/DPU_vivado/DPU_vivado.gen/sources_1/bd/DPU/synth/DPU.v:230]
WARNING: [Synth 8-7071] port 'm_axi_gmem0_1_ARLOCK' of module 'DPU_dpu_conv_top_0_0' is unconnected for instance 'dpu_conv_top_0' [d:/project/DPU_Project_vivado/DPU_vivado/DPU_vivado.gen/sources_1/bd/DPU/synth/DPU.v:230]
WARNING: [Synth 8-7071] port 'm_axi_gmem0_1_ARPROT' of module 'DPU_dpu_conv_top_0_0' is unconnected for instance 'dpu_conv_top_0' [d:/project/DPU_Project_vivado/DPU_vivado/DPU_vivado.gen/sources_1/bd/DPU/synth/DPU.v:230]
WARNING: [Synth 8-7071] port 'm_axi_gmem0_1_ARQOS' of module 'DPU_dpu_conv_top_0_0' is unconnected for instance 'dpu_conv_top_0' [d:/project/DPU_Project_vivado/DPU_vivado/DPU_vivado.gen/sources_1/bd/DPU/synth/DPU.v:230]
WARNING: [Synth 8-7071] port 'm_axi_gmem0_1_ARREGION' of module 'DPU_dpu_conv_top_0_0' is unconnected for instance 'dpu_conv_top_0' [d:/project/DPU_Project_vivado/DPU_vivado/DPU_vivado.gen/sources_1/bd/DPU/synth/DPU.v:230]
WARNING: [Synth 8-7071] port 'm_axi_gmem0_1_ARSIZE' of module 'DPU_dpu_conv_top_0_0' is unconnected for instance 'dpu_conv_top_0' [d:/project/DPU_Project_vivado/DPU_vivado/DPU_vivado.gen/sources_1/bd/DPU/synth/DPU.v:230]
WARNING: [Synth 8-7071] port 'm_axi_gmem0_1_ARVALID' of module 'DPU_dpu_conv_top_0_0' is unconnected for instance 'dpu_conv_top_0' [d:/project/DPU_Project_vivado/DPU_vivado/DPU_vivado.gen/sources_1/bd/DPU/synth/DPU.v:230]
WARNING: [Synth 8-7071] port 'm_axi_gmem0_1_AWADDR' of module 'DPU_dpu_conv_top_0_0' is unconnected for instance 'dpu_conv_top_0' [d:/project/DPU_Project_vivado/DPU_vivado/DPU_vivado.gen/sources_1/bd/DPU/synth/DPU.v:230]
WARNING: [Synth 8-7071] port 'm_axi_gmem0_1_AWBURST' of module 'DPU_dpu_conv_top_0_0' is unconnected for instance 'dpu_conv_top_0' [d:/project/DPU_Project_vivado/DPU_vivado/DPU_vivado.gen/sources_1/bd/DPU/synth/DPU.v:230]
WARNING: [Synth 8-7071] port 'm_axi_gmem0_1_AWCACHE' of module 'DPU_dpu_conv_top_0_0' is unconnected for instance 'dpu_conv_top_0' [d:/project/DPU_Project_vivado/DPU_vivado/DPU_vivado.gen/sources_1/bd/DPU/synth/DPU.v:230]
WARNING: [Synth 8-7071] port 'm_axi_gmem0_1_AWID' of module 'DPU_dpu_conv_top_0_0' is unconnected for instance 'dpu_conv_top_0' [d:/project/DPU_Project_vivado/DPU_vivado/DPU_vivado.gen/sources_1/bd/DPU/synth/DPU.v:230]
WARNING: [Synth 8-7071] port 'm_axi_gmem0_1_AWLEN' of module 'DPU_dpu_conv_top_0_0' is unconnected for instance 'dpu_conv_top_0' [d:/project/DPU_Project_vivado/DPU_vivado/DPU_vivado.gen/sources_1/bd/DPU/synth/DPU.v:230]
WARNING: [Synth 8-7071] port 'm_axi_gmem0_1_AWLOCK' of module 'DPU_dpu_conv_top_0_0' is unconnected for instance 'dpu_conv_top_0' [d:/project/DPU_Project_vivado/DPU_vivado/DPU_vivado.gen/sources_1/bd/DPU/synth/DPU.v:230]
WARNING: [Synth 8-7071] port 'm_axi_gmem0_1_AWPROT' of module 'DPU_dpu_conv_top_0_0' is unconnected for instance 'dpu_conv_top_0' [d:/project/DPU_Project_vivado/DPU_vivado/DPU_vivado.gen/sources_1/bd/DPU/synth/DPU.v:230]
WARNING: [Synth 8-7071] port 'm_axi_gmem0_1_AWQOS' of module 'DPU_dpu_conv_top_0_0' is unconnected for instance 'dpu_conv_top_0' [d:/project/DPU_Project_vivado/DPU_vivado/DPU_vivado.gen/sources_1/bd/DPU/synth/DPU.v:230]
WARNING: [Synth 8-7071] port 'm_axi_gmem0_1_AWREGION' of module 'DPU_dpu_conv_top_0_0' is unconnected for instance 'dpu_conv_top_0' [d:/project/DPU_Project_vivado/DPU_vivado/DPU_vivado.gen/sources_1/bd/DPU/synth/DPU.v:230]
WARNING: [Synth 8-7071] port 'm_axi_gmem0_1_AWSIZE' of module 'DPU_dpu_conv_top_0_0' is unconnected for instance 'dpu_conv_top_0' [d:/project/DPU_Project_vivado/DPU_vivado/DPU_vivado.gen/sources_1/bd/DPU/synth/DPU.v:230]
WARNING: [Synth 8-7071] port 'm_axi_gmem0_1_AWVALID' of module 'DPU_dpu_conv_top_0_0' is unconnected for instance 'dpu_conv_top_0' [d:/project/DPU_Project_vivado/DPU_vivado/DPU_vivado.gen/sources_1/bd/DPU/synth/DPU.v:230]
WARNING: [Synth 8-7071] port 'm_axi_gmem0_1_BREADY' of module 'DPU_dpu_conv_top_0_0' is unconnected for instance 'dpu_conv_top_0' [d:/project/DPU_Project_vivado/DPU_vivado/DPU_vivado.gen/sources_1/bd/DPU/synth/DPU.v:230]
WARNING: [Synth 8-7071] port 'm_axi_gmem0_1_RREADY' of module 'DPU_dpu_conv_top_0_0' is unconnected for instance 'dpu_conv_top_0' [d:/project/DPU_Project_vivado/DPU_vivado/DPU_vivado.gen/sources_1/bd/DPU/synth/DPU.v:230]
WARNING: [Synth 8-7071] port 'm_axi_gmem0_1_WDATA' of module 'DPU_dpu_conv_top_0_0' is unconnected for instance 'dpu_conv_top_0' [d:/project/DPU_Project_vivado/DPU_vivado/DPU_vivado.gen/sources_1/bd/DPU/synth/DPU.v:230]
WARNING: [Synth 8-7071] port 'm_axi_gmem0_1_WID' of module 'DPU_dpu_conv_top_0_0' is unconnected for instance 'dpu_conv_top_0' [d:/project/DPU_Project_vivado/DPU_vivado/DPU_vivado.gen/sources_1/bd/DPU/synth/DPU.v:230]
WARNING: [Synth 8-7071] port 'm_axi_gmem0_1_WLAST' of module 'DPU_dpu_conv_top_0_0' is unconnected for instance 'dpu_conv_top_0' [d:/project/DPU_Project_vivado/DPU_vivado/DPU_vivado.gen/sources_1/bd/DPU/synth/DPU.v:230]
WARNING: [Synth 8-7071] port 'm_axi_gmem0_1_WSTRB' of module 'DPU_dpu_conv_top_0_0' is unconnected for instance 'dpu_conv_top_0' [d:/project/DPU_Project_vivado/DPU_vivado/DPU_vivado.gen/sources_1/bd/DPU/synth/DPU.v:230]
WARNING: [Synth 8-7071] port 'm_axi_gmem0_1_WVALID' of module 'DPU_dpu_conv_top_0_0' is unconnected for instance 'dpu_conv_top_0' [d:/project/DPU_Project_vivado/DPU_vivado/DPU_vivado.gen/sources_1/bd/DPU/synth/DPU.v:230]
WARNING: [Synth 8-7071] port 'm_axi_gmem0_2_ARADDR' of module 'DPU_dpu_conv_top_0_0' is unconnected for instance 'dpu_conv_top_0' [d:/project/DPU_Project_vivado/DPU_vivado/DPU_vivado.gen/sources_1/bd/DPU/synth/DPU.v:230]
WARNING: [Synth 8-7071] port 'm_axi_gmem0_2_ARBURST' of module 'DPU_dpu_conv_top_0_0' is unconnected for instance 'dpu_conv_top_0' [d:/project/DPU_Project_vivado/DPU_vivado/DPU_vivado.gen/sources_1/bd/DPU/synth/DPU.v:230]
WARNING: [Synth 8-7071] port 'm_axi_gmem0_2_ARCACHE' of module 'DPU_dpu_conv_top_0_0' is unconnected for instance 'dpu_conv_top_0' [d:/project/DPU_Project_vivado/DPU_vivado/DPU_vivado.gen/sources_1/bd/DPU/synth/DPU.v:230]
WARNING: [Synth 8-7071] port 'm_axi_gmem0_2_ARID' of module 'DPU_dpu_conv_top_0_0' is unconnected for instance 'dpu_conv_top_0' [d:/project/DPU_Project_vivado/DPU_vivado/DPU_vivado.gen/sources_1/bd/DPU/synth/DPU.v:230]
WARNING: [Synth 8-7071] port 'm_axi_gmem0_2_ARLEN' of module 'DPU_dpu_conv_top_0_0' is unconnected for instance 'dpu_conv_top_0' [d:/project/DPU_Project_vivado/DPU_vivado/DPU_vivado.gen/sources_1/bd/DPU/synth/DPU.v:230]
WARNING: [Synth 8-7071] port 'm_axi_gmem0_2_ARLOCK' of module 'DPU_dpu_conv_top_0_0' is unconnected for instance 'dpu_conv_top_0' [d:/project/DPU_Project_vivado/DPU_vivado/DPU_vivado.gen/sources_1/bd/DPU/synth/DPU.v:230]
WARNING: [Synth 8-7071] port 'm_axi_gmem0_2_ARPROT' of module 'DPU_dpu_conv_top_0_0' is unconnected for instance 'dpu_conv_top_0' [d:/project/DPU_Project_vivado/DPU_vivado/DPU_vivado.gen/sources_1/bd/DPU/synth/DPU.v:230]
WARNING: [Synth 8-7071] port 'm_axi_gmem0_2_ARQOS' of module 'DPU_dpu_conv_top_0_0' is unconnected for instance 'dpu_conv_top_0' [d:/project/DPU_Project_vivado/DPU_vivado/DPU_vivado.gen/sources_1/bd/DPU/synth/DPU.v:230]
WARNING: [Synth 8-7071] port 'm_axi_gmem0_2_ARREGION' of module 'DPU_dpu_conv_top_0_0' is unconnected for instance 'dpu_conv_top_0' [d:/project/DPU_Project_vivado/DPU_vivado/DPU_vivado.gen/sources_1/bd/DPU/synth/DPU.v:230]
WARNING: [Synth 8-7071] port 'm_axi_gmem0_2_ARSIZE' of module 'DPU_dpu_conv_top_0_0' is unconnected for instance 'dpu_conv_top_0' [d:/project/DPU_Project_vivado/DPU_vivado/DPU_vivado.gen/sources_1/bd/DPU/synth/DPU.v:230]
WARNING: [Synth 8-7071] port 'm_axi_gmem0_2_ARVALID' of module 'DPU_dpu_conv_top_0_0' is unconnected for instance 'dpu_conv_top_0' [d:/project/DPU_Project_vivado/DPU_vivado/DPU_vivado.gen/sources_1/bd/DPU/synth/DPU.v:230]
WARNING: [Synth 8-7071] port 'm_axi_gmem0_2_AWADDR' of module 'DPU_dpu_conv_top_0_0' is unconnected for instance 'dpu_conv_top_0' [d:/project/DPU_Project_vivado/DPU_vivado/DPU_vivado.gen/sources_1/bd/DPU/synth/DPU.v:230]
WARNING: [Synth 8-7071] port 'm_axi_gmem0_2_AWBURST' of module 'DPU_dpu_conv_top_0_0' is unconnected for instance 'dpu_conv_top_0' [d:/project/DPU_Project_vivado/DPU_vivado/DPU_vivado.gen/sources_1/bd/DPU/synth/DPU.v:230]
WARNING: [Synth 8-7071] port 'm_axi_gmem0_2_AWCACHE' of module 'DPU_dpu_conv_top_0_0' is unconnected for instance 'dpu_conv_top_0' [d:/project/DPU_Project_vivado/DPU_vivado/DPU_vivado.gen/sources_1/bd/DPU/synth/DPU.v:230]
WARNING: [Synth 8-7071] port 'm_axi_gmem0_2_AWID' of module 'DPU_dpu_conv_top_0_0' is unconnected for instance 'dpu_conv_top_0' [d:/project/DPU_Project_vivado/DPU_vivado/DPU_vivado.gen/sources_1/bd/DPU/synth/DPU.v:230]
WARNING: [Synth 8-7071] port 'm_axi_gmem0_2_AWLEN' of module 'DPU_dpu_conv_top_0_0' is unconnected for instance 'dpu_conv_top_0' [d:/project/DPU_Project_vivado/DPU_vivado/DPU_vivado.gen/sources_1/bd/DPU/synth/DPU.v:230]
WARNING: [Synth 8-7071] port 'm_axi_gmem0_2_AWLOCK' of module 'DPU_dpu_conv_top_0_0' is unconnected for instance 'dpu_conv_top_0' [d:/project/DPU_Project_vivado/DPU_vivado/DPU_vivado.gen/sources_1/bd/DPU/synth/DPU.v:230]
WARNING: [Synth 8-7071] port 'm_axi_gmem0_2_AWPROT' of module 'DPU_dpu_conv_top_0_0' is unconnected for instance 'dpu_conv_top_0' [d:/project/DPU_Project_vivado/DPU_vivado/DPU_vivado.gen/sources_1/bd/DPU/synth/DPU.v:230]
WARNING: [Synth 8-7071] port 'm_axi_gmem0_2_AWQOS' of module 'DPU_dpu_conv_top_0_0' is unconnected for instance 'dpu_conv_top_0' [d:/project/DPU_Project_vivado/DPU_vivado/DPU_vivado.gen/sources_1/bd/DPU/synth/DPU.v:230]
WARNING: [Synth 8-7071] port 'm_axi_gmem0_2_AWREGION' of module 'DPU_dpu_conv_top_0_0' is unconnected for instance 'dpu_conv_top_0' [d:/project/DPU_Project_vivado/DPU_vivado/DPU_vivado.gen/sources_1/bd/DPU/synth/DPU.v:230]
WARNING: [Synth 8-7071] port 'm_axi_gmem0_2_AWSIZE' of module 'DPU_dpu_conv_top_0_0' is unconnected for instance 'dpu_conv_top_0' [d:/project/DPU_Project_vivado/DPU_vivado/DPU_vivado.gen/sources_1/bd/DPU/synth/DPU.v:230]
WARNING: [Synth 8-7071] port 'm_axi_gmem0_2_AWVALID' of module 'DPU_dpu_conv_top_0_0' is unconnected for instance 'dpu_conv_top_0' [d:/project/DPU_Project_vivado/DPU_vivado/DPU_vivado.gen/sources_1/bd/DPU/synth/DPU.v:230]
WARNING: [Synth 8-7071] port 'm_axi_gmem0_2_BREADY' of module 'DPU_dpu_conv_top_0_0' is unconnected for instance 'dpu_conv_top_0' [d:/project/DPU_Project_vivado/DPU_vivado/DPU_vivado.gen/sources_1/bd/DPU/synth/DPU.v:230]
WARNING: [Synth 8-7071] port 'm_axi_gmem0_2_RREADY' of module 'DPU_dpu_conv_top_0_0' is unconnected for instance 'dpu_conv_top_0' [d:/project/DPU_Project_vivado/DPU_vivado/DPU_vivado.gen/sources_1/bd/DPU/synth/DPU.v:230]
WARNING: [Synth 8-7071] port 'm_axi_gmem0_2_WDATA' of module 'DPU_dpu_conv_top_0_0' is unconnected for instance 'dpu_conv_top_0' [d:/project/DPU_Project_vivado/DPU_vivado/DPU_vivado.gen/sources_1/bd/DPU/synth/DPU.v:230]
WARNING: [Synth 8-7071] port 'm_axi_gmem0_2_WID' of module 'DPU_dpu_conv_top_0_0' is unconnected for instance 'dpu_conv_top_0' [d:/project/DPU_Project_vivado/DPU_vivado/DPU_vivado.gen/sources_1/bd/DPU/synth/DPU.v:230]
WARNING: [Synth 8-7071] port 'm_axi_gmem0_2_WLAST' of module 'DPU_dpu_conv_top_0_0' is unconnected for instance 'dpu_conv_top_0' [d:/project/DPU_Project_vivado/DPU_vivado/DPU_vivado.gen/sources_1/bd/DPU/synth/DPU.v:230]
WARNING: [Synth 8-7071] port 'm_axi_gmem0_2_WSTRB' of module 'DPU_dpu_conv_top_0_0' is unconnected for instance 'dpu_conv_top_0' [d:/project/DPU_Project_vivado/DPU_vivado/DPU_vivado.gen/sources_1/bd/DPU/synth/DPU.v:230]
WARNING: [Synth 8-7071] port 'm_axi_gmem0_2_WVALID' of module 'DPU_dpu_conv_top_0_0' is unconnected for instance 'dpu_conv_top_0' [d:/project/DPU_Project_vivado/DPU_vivado/DPU_vivado.gen/sources_1/bd/DPU/synth/DPU.v:230]
WARNING: [Synth 8-7071] port 'm_axi_gmem0_3_ARADDR' of module 'DPU_dpu_conv_top_0_0' is unconnected for instance 'dpu_conv_top_0' [d:/project/DPU_Project_vivado/DPU_vivado/DPU_vivado.gen/sources_1/bd/DPU/synth/DPU.v:230]
WARNING: [Synth 8-7071] port 'm_axi_gmem0_3_ARBURST' of module 'DPU_dpu_conv_top_0_0' is unconnected for instance 'dpu_conv_top_0' [d:/project/DPU_Project_vivado/DPU_vivado/DPU_vivado.gen/sources_1/bd/DPU/synth/DPU.v:230]
WARNING: [Synth 8-7071] port 'm_axi_gmem0_3_ARCACHE' of module 'DPU_dpu_conv_top_0_0' is unconnected for instance 'dpu_conv_top_0' [d:/project/DPU_Project_vivado/DPU_vivado/DPU_vivado.gen/sources_1/bd/DPU/synth/DPU.v:230]
WARNING: [Synth 8-7071] port 'm_axi_gmem0_3_ARID' of module 'DPU_dpu_conv_top_0_0' is unconnected for instance 'dpu_conv_top_0' [d:/project/DPU_Project_vivado/DPU_vivado/DPU_vivado.gen/sources_1/bd/DPU/synth/DPU.v:230]
WARNING: [Synth 8-7071] port 'm_axi_gmem0_3_ARLEN' of module 'DPU_dpu_conv_top_0_0' is unconnected for instance 'dpu_conv_top_0' [d:/project/DPU_Project_vivado/DPU_vivado/DPU_vivado.gen/sources_1/bd/DPU/synth/DPU.v:230]
WARNING: [Synth 8-7071] port 'm_axi_gmem0_3_ARLOCK' of module 'DPU_dpu_conv_top_0_0' is unconnected for instance 'dpu_conv_top_0' [d:/project/DPU_Project_vivado/DPU_vivado/DPU_vivado.gen/sources_1/bd/DPU/synth/DPU.v:230]
WARNING: [Synth 8-7071] port 'm_axi_gmem0_3_ARPROT' of module 'DPU_dpu_conv_top_0_0' is unconnected for instance 'dpu_conv_top_0' [d:/project/DPU_Project_vivado/DPU_vivado/DPU_vivado.gen/sources_1/bd/DPU/synth/DPU.v:230]
WARNING: [Synth 8-7071] port 'm_axi_gmem0_3_ARQOS' of module 'DPU_dpu_conv_top_0_0' is unconnected for instance 'dpu_conv_top_0' [d:/project/DPU_Project_vivado/DPU_vivado/DPU_vivado.gen/sources_1/bd/DPU/synth/DPU.v:230]
INFO: [Common 17-14] Message 'Synth 8-7071' appears 100 times and further instances of the messages will be disabled. Use the Tcl command set_msg_config to change the current settings.
WARNING: [Synth 8-7023] instance 'dpu_conv_top_0' of module 'DPU_dpu_conv_top_0_0' has 797 connections declared, but only 245 given [d:/project/DPU_Project_vivado/DPU_vivado/DPU_vivado.gen/sources_1/bd/DPU/synth/DPU.v:230]
INFO: [Synth 8-6157] synthesizing module 'DPU_processing_system7_0_0' [D:/project/DPU_Project_vivado/DPU_vivado/DPU_vivado.runs/synth_1/.Xil/Vivado-23180-LAPTOP-MPD8ATBV/realtime/DPU_processing_system7_0_0_stub.v:6]
INFO: [Synth 8-6155] done synthesizing module 'DPU_processing_system7_0_0' (0#1) [D:/project/DPU_Project_vivado/DPU_vivado/DPU_vivado.runs/synth_1/.Xil/Vivado-23180-LAPTOP-MPD8ATBV/realtime/DPU_processing_system7_0_0_stub.v:6]
WARNING: [Synth 8-7023] instance 'processing_system7_0' of module 'DPU_processing_system7_0_0' has 65 connections declared, but only 63 given [d:/project/DPU_Project_vivado/DPU_vivado/DPU_vivado.gen/sources_1/bd/DPU/synth/DPU.v:476]
INFO: [Synth 8-6157] synthesizing module 'DPU_rst_ps7_0_50M_0' [D:/project/DPU_Project_vivado/DPU_vivado/DPU_vivado.runs/synth_1/.Xil/Vivado-23180-LAPTOP-MPD8ATBV/realtime/DPU_rst_ps7_0_50M_0_stub.v:6]
INFO: [Synth 8-6155] done synthesizing module 'DPU_rst_ps7_0_50M_0' (0#1) [D:/project/DPU_Project_vivado/DPU_vivado/DPU_vivado.runs/synth_1/.Xil/Vivado-23180-LAPTOP-MPD8ATBV/realtime/DPU_rst_ps7_0_50M_0_stub.v:6]
WARNING: [Synth 8-7023] instance 'rst_ps7_0_50M' of module 'DPU_rst_ps7_0_50M_0' has 10 connections declared, but only 6 given [d:/project/DPU_Project_vivado/DPU_vivado/DPU_vivado.gen/sources_1/bd/DPU/synth/DPU.v:540]
INFO: [Synth 8-6155] done synthesizing module 'DPU' (0#1) [d:/project/DPU_Project_vivado/DPU_vivado/DPU_vivado.gen/sources_1/bd/DPU/synth/DPU.v:13]
INFO: [Synth 8-6155] done synthesizing module 'DPU_wrapper' (0#1) [d:/project/DPU_Project_vivado/DPU_vivado/DPU_vivado.gen/sources_1/bd/DPU/hdl/DPU_wrapper.v:13]
---------------------------------------------------------------------------------
Finished RTL Elaboration : Time (s): cpu = 00:00:47 ; elapsed = 00:01:14 . Memory (MB): peak = 1525.992 ; gain = 674.688
---------------------------------------------------------------------------------
---------------------------------------------------------------------------------
Start Handling Custom Attributes
---------------------------------------------------------------------------------
---------------------------------------------------------------------------------
Finished Handling Custom Attributes : Time (s): cpu = 00:00:48 ; elapsed = 00:01:14 . Memory (MB): peak = 1525.992 ; gain = 674.688
---------------------------------------------------------------------------------
---------------------------------------------------------------------------------
Finished RTL Optimization Phase 1 : Time (s): cpu = 00:00:48 ; elapsed = 00:01:14 . Memory (MB): peak = 1525.992 ; gain = 674.688
---------------------------------------------------------------------------------
Netlist sorting complete. Time (s): cpu = 00:00:00 ; elapsed = 00:00:00.122 . Memory (MB): peak = 1525.992 ; gain = 0.000
INFO: [Project 1-570] Preparing netlist for logic optimization

Processing XDC Constraints
Initializing timing engine
Parsing XDC File [d:/project/DPU_Project_vivado/DPU_vivado/DPU_vivado.gen/sources_1/bd/DPU/ip/DPU_processing_system7_0_0/DPU_processing_system7_0_0/DPU_processing_system7_0_0_in_context.xdc] for cell 'DPU_i/processing_system7_0'
Finished Parsing XDC File [d:/project/DPU_Project_vivado/DPU_vivado/DPU_vivado.gen/sources_1/bd/DPU/ip/DPU_processing_system7_0_0/DPU_processing_system7_0_0/DPU_processing_system7_0_0_in_context.xdc] for cell 'DPU_i/processing_system7_0'
Parsing XDC File [d:/project/DPU_Project_vivado/DPU_vivado/DPU_vivado.gen/sources_1/bd/DPU/ip/DPU_dpu_conv_top_0_0/DPU_dpu_conv_top_0_0/DPU_dpu_conv_top_0_0_in_context.xdc] for cell 'DPU_i/dpu_conv_top_0'
Finished Parsing XDC File [d:/project/DPU_Project_vivado/DPU_vivado/DPU_vivado.gen/sources_1/bd/DPU/ip/DPU_dpu_conv_top_0_0/DPU_dpu_conv_top_0_0/DPU_dpu_conv_top_0_0_in_context.xdc] for cell 'DPU_i/dpu_conv_top_0'
Parsing XDC File [d:/project/DPU_Project_vivado/DPU_vivado/DPU_vivado.gen/sources_1/bd/DPU/ip/DPU_axi_smc_0/DPU_axi_smc_0/DPU_axi_smc_0_in_context.xdc] for cell 'DPU_i/axi_smc'
Finished Parsing XDC File [d:/project/DPU_Project_vivado/DPU_vivado/DPU_vivado.gen/sources_1/bd/DPU/ip/DPU_axi_smc_0/DPU_axi_smc_0/DPU_axi_smc_0_in_context.xdc] for cell 'DPU_i/axi_smc'
Parsing XDC File [d:/project/DPU_Project_vivado/DPU_vivado/DPU_vivado.gen/sources_1/bd/DPU/ip/DPU_rst_ps7_0_50M_0/DPU_rst_ps7_0_50M_0/DPU_rst_ps7_0_50M_0_in_context.xdc] for cell 'DPU_i/rst_ps7_0_50M'
Finished Parsing XDC File [d:/project/DPU_Project_vivado/DPU_vivado/DPU_vivado.gen/sources_1/bd/DPU/ip/DPU_rst_ps7_0_50M_0/DPU_rst_ps7_0_50M_0/DPU_rst_ps7_0_50M_0_in_context.xdc] for cell 'DPU_i/rst_ps7_0_50M'
Parsing XDC File [D:/project/DPU_Project_vivado/DPU_vivado/DPU_vivado.runs/synth_1/dont_touch.xdc]
Finished Parsing XDC File [D:/project/DPU_Project_vivado/DPU_vivado/DPU_vivado.runs/synth_1/dont_touch.xdc]
Completed Processing XDC Constraints

Netlist sorting complete. Time (s): cpu = 00:00:00 ; elapsed = 00:00:00 . Memory (MB): peak = 1525.992 ; gain = 0.000
INFO: [Project 1-111] Unisim Transformation Summary:
No Unisim elements were transformed.

Constraint Validation Runtime : Time (s): cpu = 00:00:00 ; elapsed = 00:00:00.209 . Memory (MB): peak = 1525.992 ; gain = 0.000
---------------------------------------------------------------------------------
Finished Constraint Validation : Time (s): cpu = 00:01:46 ; elapsed = 00:03:09 . Memory (MB): peak = 1525.992 ; gain = 674.688
---------------------------------------------------------------------------------
---------------------------------------------------------------------------------
Start Loading Part and Timing Information
---------------------------------------------------------------------------------
Loading part: xc7z020clg400-1
---------------------------------------------------------------------------------
Finished Loading Part and Timing Information : Time (s): cpu = 00:01:46 ; elapsed = 00:03:09 . Memory (MB): peak = 1525.992 ; gain = 674.688
---------------------------------------------------------------------------------
---------------------------------------------------------------------------------
Start Applying 'set_property' XDC Constraints
---------------------------------------------------------------------------------
---------------------------------------------------------------------------------
Finished applying 'set_property' XDC Constraints : Time (s): cpu = 00:01:50 ; elapsed = 00:03:26 . Memory (MB): peak = 1525.992 ; gain = 674.688
---------------------------------------------------------------------------------
---------------------------------------------------------------------------------
Finished RTL Optimization Phase 2 : Time (s): cpu = 00:01:51 ; elapsed = 00:03:32 . Memory (MB): peak = 1525.992 ; gain = 674.688
---------------------------------------------------------------------------------
---------------------------------------------------------------------------------
Start RTL Component Statistics 
---------------------------------------------------------------------------------
Detailed RTL Component Info : 
---------------------------------------------------------------------------------
Finished RTL Component Statistics 
---------------------------------------------------------------------------------
---------------------------------------------------------------------------------
Start Part Resource Summary
---------------------------------------------------------------------------------
Part Resources:
DSPs: 220 (col length:60)
BRAMs: 280 (col length: RAMB18 60 RAMB36 30)
---------------------------------------------------------------------------------
Finished Part Resource Summary
---------------------------------------------------------------------------------
---------------------------------------------------------------------------------
Start Cross Boundary and Area Optimization
---------------------------------------------------------------------------------
---------------------------------------------------------------------------------
Finished Cross Boundary and Area Optimization : Time (s): cpu = 00:02:01 ; elapsed = 00:04:16 . Memory (MB): peak = 1543.520 ; gain = 692.215
---------------------------------------------------------------------------------
---------------------------------------------------------------------------------
Start Applying XDC Timing Constraints
---------------------------------------------------------------------------------
---------------------------------------------------------------------------------
Finished Applying XDC Timing Constraints : Time (s): cpu = 00:02:22 ; elapsed = 00:05:16 . Memory (MB): peak = 1712.180 ; gain = 860.875
---------------------------------------------------------------------------------
---------------------------------------------------------------------------------
Start Timing Optimization
---------------------------------------------------------------------------------
---------------------------------------------------------------------------------
Finished Timing Optimization : Time (s): cpu = 00:02:23 ; elapsed = 00:05:16 . Memory (MB): peak = 1712.668 ; gain = 861.363
---------------------------------------------------------------------------------
---------------------------------------------------------------------------------
Start Technology Mapping
---------------------------------------------------------------------------------
---------------------------------------------------------------------------------
Finished Technology Mapping : Time (s): cpu = 00:02:23 ; elapsed = 00:05:18 . Memory (MB): peak = 1724.070 ; gain = 872.766
---------------------------------------------------------------------------------
---------------------------------------------------------------------------------
Start IO Insertion
---------------------------------------------------------------------------------
---------------------------------------------------------------------------------
Start Flattening Before IO Insertion
---------------------------------------------------------------------------------
---------------------------------------------------------------------------------
Finished Flattening Before IO Insertion
---------------------------------------------------------------------------------
---------------------------------------------------------------------------------
Start Final Netlist Cleanup
---------------------------------------------------------------------------------
---------------------------------------------------------------------------------
Finished Final Netlist Cleanup
---------------------------------------------------------------------------------
---------------------------------------------------------------------------------
Finished IO Insertion : Time (s): cpu = 00:02:54 ; elapsed = 00:07:34 . Memory (MB): peak = 1971.273 ; gain = 1119.969
---------------------------------------------------------------------------------
---------------------------------------------------------------------------------
Start Renaming Generated Instances
---------------------------------------------------------------------------------
---------------------------------------------------------------------------------
Finished Renaming Generated Instances : Time (s): cpu = 00:02:54 ; elapsed = 00:07:34 . Memory (MB): peak = 1971.273 ; gain = 1119.969
---------------------------------------------------------------------------------
---------------------------------------------------------------------------------
Start Rebuilding User Hierarchy
---------------------------------------------------------------------------------
---------------------------------------------------------------------------------
Finished Rebuilding User Hierarchy : Time (s): cpu = 00:02:54 ; elapsed = 00:07:34 . Memory (MB): peak = 1971.273 ; gain = 1119.969
---------------------------------------------------------------------------------
---------------------------------------------------------------------------------
Start Renaming Generated Ports
---------------------------------------------------------------------------------
---------------------------------------------------------------------------------
Finished Renaming Generated Ports : Time (s): cpu = 00:02:54 ; elapsed = 00:07:34 . Memory (MB): peak = 1971.273 ; gain = 1119.969
---------------------------------------------------------------------------------
---------------------------------------------------------------------------------
Start Handling Custom Attributes
---------------------------------------------------------------------------------
---------------------------------------------------------------------------------
Finished Handling Custom Attributes : Time (s): cpu = 00:02:55 ; elapsed = 00:07:34 . Memory (MB): peak = 1971.273 ; gain = 1119.969
---------------------------------------------------------------------------------
---------------------------------------------------------------------------------
Start Renaming Generated Nets
---------------------------------------------------------------------------------
---------------------------------------------------------------------------------
Finished Renaming Generated Nets : Time (s): cpu = 00:02:55 ; elapsed = 00:07:34 . Memory (MB): peak = 1971.273 ; gain = 1119.969
---------------------------------------------------------------------------------
---------------------------------------------------------------------------------
Start Writing Synthesis Report
---------------------------------------------------------------------------------

Report BlackBoxes: 
+------+---------------------------+----------+
|      |BlackBox name              |Instances |
+------+---------------------------+----------+
|1     |DPU_axi_smc_0              |         1|
|2     |DPU_dpu_conv_top_0_0       |         1|
|3     |DPU_processing_system7_0_0 |         1|
|4     |DPU_rst_ps7_0_50M_0        |         1|
+------+---------------------------+----------+

Report Cell Usage: 
+------+-------------------------+------+
|      |Cell                     |Count |
+------+-------------------------+------+
|1     |DPU_axi_smc              |     1|
|2     |DPU_dpu_conv_top_0       |     1|
|3     |DPU_processing_system7_0 |     1|
|4     |DPU_rst_ps7_0_50M        |     1|
+------+-------------------------+------+
---------------------------------------------------------------------------------
Finished Writing Synthesis Report : Time (s): cpu = 00:02:55 ; elapsed = 00:07:34 . Memory (MB): peak = 1971.273 ; gain = 1119.969
---------------------------------------------------------------------------------
Synthesis finished with 0 errors, 0 critical warnings and 0 warnings.
Synthesis Optimization Runtime : Time (s): cpu = 00:01:51 ; elapsed = 00:07:10 . Memory (MB): peak = 1971.273 ; gain = 1119.969
Synthesis Optimization Complete : Time (s): cpu = 00:02:55 ; elapsed = 00:07:39 . Memory (MB): peak = 1971.273 ; gain = 1119.969
INFO: [Project 1-571] Translating synthesized netlist
Netlist sorting complete. Time (s): cpu = 00:00:00 ; elapsed = 00:00:00.181 . Memory (MB): peak = 1971.273 ; gain = 0.000
INFO: [Project 1-570] Preparing netlist for logic optimization
INFO: [Opt 31-138] Pushed 0 inverter(s) to 0 load pin(s).
Netlist sorting complete. Time (s): cpu = 00:00:00 ; elapsed = 00:00:00 . Memory (MB): peak = 1983.980 ; gain = 0.000
INFO: [Project 1-111] Unisim Transformation Summary:
No Unisim elements were transformed.

Synth Design complete | Checksum: 6db86669
INFO: [Common 17-83] Releasing license: Synthesis
28 Infos, 104 Warnings, 0 Critical Warnings and 0 Errors encountered.
synth_design completed successfully
synth_design: Time (s): cpu = 00:03:19 ; elapsed = 00:09:47 . Memory (MB): peak = 1987.969 ; gain = 1394.383
INFO: [Common 17-1381] The checkpoint 'D:/project/DPU_Project_vivado/DPU_vivado/DPU_vivado.runs/synth_1/DPU_wrapper.dcp' has been generated.
INFO: [Vivado 12-24828] Executing command : report_utilization -file DPU_wrapper_utilization_synth.rpt -pb DPU_wrapper_utilization_synth.pb
INFO: [Common 17-206] Exiting Vivado at Thu Sep 10 19:46:51 2026...
