
*** Running vivado
    with args -log DPU_axi_smc_0.vds -m64 -product Vivado -mode batch -messageDb vivado.pb -notrace -source DPU_axi_smc_0.tcl



****** Vivado v2025.2 (64-bit)
  **** SW Build 6299465 on Fri Nov 14 19:35:11 GMT 2025
  **** IP Build 6300035 on Fri Nov 14 10:48:45 MST 2025
  **** SharedData Build 6298862 on Thu Nov 13 04:50:51 MST 2025
  **** Start of session at: Thu Sep 10 18:56:05 2026
    ** Copyright 1986-2022 Xilinx, Inc. All Rights Reserved.
    ** Copyright 2022-2025 Advanced Micro Devices, Inc. All Rights Reserved.

source DPU_axi_smc_0.tcl -notrace
create_project: Time (s): cpu = 00:00:40 ; elapsed = 00:01:16 . Memory (MB): peak = 556.461 ; gain = 223.820
INFO: [IP_Flow 19-234] Refreshing IP repositories
INFO: [IP_Flow 19-1700] Loaded user IP repository 'd:/project/dpu_conv_top'.
INFO: [IP_Flow 19-2313] Loaded Vivado IP repository 'C:/AMDDesignTools/2025.2/Vivado/data/ip'.
Command: synth_design -top DPU_axi_smc_0 -part xc7z020clg400-1 -incremental_mode off -mode out_of_context
Starting synth_design
Attempting to get a license for feature 'Synthesis' and/or device 'xc7z020'
INFO: [Common 17-349] Got license for feature 'Synthesis' and/or device 'xc7z020'
INFO: [Device 21-403] Loading part xc7z020clg400-1
INFO: [Synth 8-7079] Multithreading enabled for synth_design using a maximum of 2 processes.
INFO: [Synth 8-7078] Launching helper process for spawning children vivado processes
INFO: [Synth 8-7075] Helper process launched with PID 21376
---------------------------------------------------------------------------------
Starting RTL Elaboration : Time (s): cpu = 00:00:20 ; elapsed = 00:00:24 . Memory (MB): peak = 1385.504 ; gain = 539.137
---------------------------------------------------------------------------------
INFO: [Synth 8-6157] synthesizing module 'DPU_axi_smc_0' [d:/project/DPU_Project_vivado/DPU_vivado/DPU_vivado.gen/sources_1/bd/DPU/ip/DPU_axi_smc_0/synth/DPU_axi_smc_0.v:53]
INFO: [Synth 8-6157] synthesizing module 'bd_1c95' [d:/project/DPU_Project_vivado/DPU_vivado/DPU_vivado.gen/sources_1/bd/DPU/ip/DPU_axi_smc_0/bd_0/synth/bd_1c95.v:10]
INFO: [Synth 8-6157] synthesizing module 'clk_map_imp_VHTQ3I' [d:/project/DPU_Project_vivado/DPU_vivado/DPU_vivado.gen/sources_1/bd/DPU/ip/DPU_axi_smc_0/bd_0/synth/bd_1c95.v:1174]
INFO: [Synth 8-638] synthesizing module 'bd_1c95_psr_aclk_0' [d:/project/DPU_Project_vivado/DPU_vivado/DPU_vivado.gen/sources_1/bd/DPU/ip/DPU_axi_smc_0/bd_0/ip/ip_1/synth/bd_1c95_psr_aclk_0.vhd:74]
	Parameter C_FAMILY bound to: zynq - type: string 
	Parameter C_EXT_RST_WIDTH bound to: 4 - type: integer 
	Parameter C_AUX_RST_WIDTH bound to: 1 - type: integer 
	Parameter C_EXT_RESET_HIGH bound to: 1'b0 
	Parameter C_AUX_RESET_HIGH bound to: 1'b0 
	Parameter C_NUM_BUS_RST bound to: 1 - type: integer 
	Parameter C_NUM_PERP_RST bound to: 1 - type: integer 
	Parameter C_NUM_INTERCONNECT_ARESETN bound to: 1 - type: integer 
	Parameter C_NUM_PERP_ARESETN bound to: 1 - type: integer 
INFO: [Synth 8-3491] module 'proc_sys_reset' declared at 'd:/project/DPU_Project_vivado/DPU_vivado/DPU_vivado.gen/sources_1/bd/DPU/ipshared/9438/hdl/proc_sys_reset_v5_0_vh_rfs.vhd:1243' bound to instance 'U0' of component 'proc_sys_reset' [d:/project/DPU_Project_vivado/DPU_vivado/DPU_vivado.gen/sources_1/bd/DPU/ip/DPU_axi_smc_0/bd_0/ip/ip_1/synth/bd_1c95_psr_aclk_0.vhd:139]
INFO: [Synth 8-638] synthesizing module 'proc_sys_reset' [d:/project/DPU_Project_vivado/DPU_vivado/DPU_vivado.gen/sources_1/bd/DPU/ipshared/9438/hdl/proc_sys_reset_v5_0_vh_rfs.vhd:1302]
	Parameter INIT bound to: 1'b1 
INFO: [Synth 8-113] binding component instance 'FDRE_inst' to cell 'FDRE' [d:/project/DPU_Project_vivado/DPU_vivado/DPU_vivado.gen/sources_1/bd/DPU/ipshared/9438/hdl/proc_sys_reset_v5_0_vh_rfs.vhd:1371]
	Parameter INIT bound to: 1'b1 
INFO: [Synth 8-113] binding component instance 'FDRE_BSR' to cell 'FDRE' [d:/project/DPU_Project_vivado/DPU_vivado/DPU_vivado.gen/sources_1/bd/DPU/ipshared/9438/hdl/proc_sys_reset_v5_0_vh_rfs.vhd:1387]
	Parameter INIT bound to: 1'b0 
INFO: [Synth 8-113] binding component instance 'FDRE_BSR_N' to cell 'FDRE' [d:/project/DPU_Project_vivado/DPU_vivado/DPU_vivado.gen/sources_1/bd/DPU/ipshared/9438/hdl/proc_sys_reset_v5_0_vh_rfs.vhd:1413]
	Parameter INIT bound to: 1'b1 
INFO: [Synth 8-113] binding component instance 'FDRE_PER' to cell 'FDRE' [d:/project/DPU_Project_vivado/DPU_vivado/DPU_vivado.gen/sources_1/bd/DPU/ipshared/9438/hdl/proc_sys_reset_v5_0_vh_rfs.vhd:1436]
	Parameter INIT bound to: 1'b0 
INFO: [Synth 8-113] binding component instance 'FDRE_PER_N' to cell 'FDRE' [d:/project/DPU_Project_vivado/DPU_vivado/DPU_vivado.gen/sources_1/bd/DPU/ipshared/9438/hdl/proc_sys_reset_v5_0_vh_rfs.vhd:1460]
INFO: [Synth 8-638] synthesizing module 'lpf' [d:/project/DPU_Project_vivado/DPU_vivado/DPU_vivado.gen/sources_1/bd/DPU/ipshared/9438/hdl/proc_sys_reset_v5_0_vh_rfs.vhd:821]
INFO: [Synth 8-3491] module 'SRL16' declared at 'C:/AMDDesignTools/2025.2/Vivado/scripts/rt/data/unisim_comp.v:165318' bound to instance 'POR_SRL_I' of component 'SRL16' [d:/project/DPU_Project_vivado/DPU_vivado/DPU_vivado.gen/sources_1/bd/DPU/ipshared/9438/hdl/proc_sys_reset_v5_0_vh_rfs.vhd:873]
INFO: [Synth 8-6157] synthesizing module 'SRL16' [C:/AMDDesignTools/2025.2/Vivado/scripts/rt/data/unisim_comp.v:165318]
INFO: [Synth 8-6155] done synthesizing module 'SRL16' (0#1) [C:/AMDDesignTools/2025.2/Vivado/scripts/rt/data/unisim_comp.v:165318]
	Parameter DEST_SYNC_FF bound to: 4 - type: integer 
	Parameter INIT_SYNC_FF bound to: 0 - type: integer 
	Parameter SIM_ASSERT_CHK bound to: 0 - type: integer 
	Parameter SRC_INPUT_REG bound to: 0 - type: integer 
INFO: [Synth 8-3491] module 'xpm_cdc_single' declared at 'C:/AMDDesignTools/2025.2/Vivado/data/ip/xpm/xpm_cdc/hdl/xpm_cdc.sv:152' bound to instance 'ACT_LO_EXT' of component 'xpm_cdc_single' [d:/project/DPU_Project_vivado/DPU_vivado/DPU_vivado.gen/sources_1/bd/DPU/ipshared/9438/hdl/proc_sys_reset_v5_0_vh_rfs.vhd:968]
INFO: [Synth 8-6157] synthesizing module 'xpm_cdc_single' [C:/AMDDesignTools/2025.2/Vivado/data/ip/xpm/xpm_cdc/hdl/xpm_cdc.sv:152]
INFO: [Synth 8-6155] done synthesizing module 'xpm_cdc_single' (0#1) [C:/AMDDesignTools/2025.2/Vivado/data/ip/xpm/xpm_cdc/hdl/xpm_cdc.sv:152]
	Parameter DEST_SYNC_FF bound to: 4 - type: integer 
	Parameter INIT_SYNC_FF bound to: 0 - type: integer 
	Parameter SIM_ASSERT_CHK bound to: 0 - type: integer 
	Parameter SRC_INPUT_REG bound to: 0 - type: integer 
INFO: [Synth 8-3491] module 'xpm_cdc_single' declared at 'C:/AMDDesignTools/2025.2/Vivado/data/ip/xpm/xpm_cdc/hdl/xpm_cdc.sv:152' bound to instance 'ACT_LO_AUX' of component 'xpm_cdc_single' [d:/project/DPU_Project_vivado/DPU_vivado/DPU_vivado.gen/sources_1/bd/DPU/ipshared/9438/hdl/proc_sys_reset_v5_0_vh_rfs.vhd:1015]
INFO: [Synth 8-256] done synthesizing module 'lpf' (0#1) [d:/project/DPU_Project_vivado/DPU_vivado/DPU_vivado.gen/sources_1/bd/DPU/ipshared/9438/hdl/proc_sys_reset_v5_0_vh_rfs.vhd:821]
INFO: [Synth 8-638] synthesizing module 'sequence_psr' [d:/project/DPU_Project_vivado/DPU_vivado/DPU_vivado.gen/sources_1/bd/DPU/ipshared/9438/hdl/proc_sys_reset_v5_0_vh_rfs.vhd:304]
INFO: [Synth 8-638] synthesizing module 'upcnt_n' [d:/project/DPU_Project_vivado/DPU_vivado/DPU_vivado.gen/sources_1/bd/DPU/ipshared/9438/hdl/proc_sys_reset_v5_0_vh_rfs.vhd:126]
INFO: [Synth 8-256] done synthesizing module 'upcnt_n' (0#1) [d:/project/DPU_Project_vivado/DPU_vivado/DPU_vivado.gen/sources_1/bd/DPU/ipshared/9438/hdl/proc_sys_reset_v5_0_vh_rfs.vhd:126]
INFO: [Synth 8-256] done synthesizing module 'sequence_psr' (0#1) [d:/project/DPU_Project_vivado/DPU_vivado/DPU_vivado.gen/sources_1/bd/DPU/ipshared/9438/hdl/proc_sys_reset_v5_0_vh_rfs.vhd:304]
INFO: [Synth 8-256] done synthesizing module 'proc_sys_reset' (0#1) [d:/project/DPU_Project_vivado/DPU_vivado/DPU_vivado.gen/sources_1/bd/DPU/ipshared/9438/hdl/proc_sys_reset_v5_0_vh_rfs.vhd:1302]
INFO: [Synth 8-256] done synthesizing module 'bd_1c95_psr_aclk_0' (0#1) [d:/project/DPU_Project_vivado/DPU_vivado/DPU_vivado.gen/sources_1/bd/DPU/ip/DPU_axi_smc_0/bd_0/ip/ip_1/synth/bd_1c95_psr_aclk_0.vhd:74]
WARNING: [Synth 8-7071] port 'mb_reset' of module 'bd_1c95_psr_aclk_0' is unconnected for instance 'psr_aclk' [d:/project/DPU_Project_vivado/DPU_vivado/DPU_vivado.gen/sources_1/bd/DPU/ip/DPU_axi_smc_0/bd_0/synth/bd_1c95.v:1211]
WARNING: [Synth 8-7071] port 'bus_struct_reset' of module 'bd_1c95_psr_aclk_0' is unconnected for instance 'psr_aclk' [d:/project/DPU_Project_vivado/DPU_vivado/DPU_vivado.gen/sources_1/bd/DPU/ip/DPU_axi_smc_0/bd_0/synth/bd_1c95.v:1211]
WARNING: [Synth 8-7071] port 'peripheral_reset' of module 'bd_1c95_psr_aclk_0' is unconnected for instance 'psr_aclk' [d:/project/DPU_Project_vivado/DPU_vivado/DPU_vivado.gen/sources_1/bd/DPU/ip/DPU_axi_smc_0/bd_0/synth/bd_1c95.v:1211]
WARNING: [Synth 8-7071] port 'peripheral_aresetn' of module 'bd_1c95_psr_aclk_0' is unconnected for instance 'psr_aclk' [d:/project/DPU_Project_vivado/DPU_vivado/DPU_vivado.gen/sources_1/bd/DPU/ip/DPU_axi_smc_0/bd_0/synth/bd_1c95.v:1211]
WARNING: [Synth 8-7023] instance 'psr_aclk' of module 'bd_1c95_psr_aclk_0' has 10 connections declared, but only 6 given [d:/project/DPU_Project_vivado/DPU_vivado/DPU_vivado.gen/sources_1/bd/DPU/ip/DPU_axi_smc_0/bd_0/synth/bd_1c95.v:1211]
INFO: [Synth 8-6155] done synthesizing module 'clk_map_imp_VHTQ3I' (0#1) [d:/project/DPU_Project_vivado/DPU_vivado/DPU_vivado.gen/sources_1/bd/DPU/ip/DPU_axi_smc_0/bd_0/synth/bd_1c95.v:1174]
INFO: [Synth 8-6157] synthesizing module 'm00_exit_pipeline_imp_1228G3P' [d:/project/DPU_Project_vivado/DPU_vivado/DPU_vivado.gen/sources_1/bd/DPU/ip/DPU_axi_smc_0/bd_0/synth/bd_1c95.v:1462]
INFO: [Synth 8-6157] synthesizing module 'bd_1c95_m00e_0' [d:/project/DPU_Project_vivado/DPU_vivado/DPU_vivado.gen/sources_1/bd/DPU/ip/DPU_axi_smc_0/bd_0/ip/ip_32/synth/bd_1c95_m00e_0.sv:53]
INFO: [Synth 8-6157] synthesizing module 'xpm_cdc_async_rst' [C:/AMDDesignTools/2025.2/Vivado/data/ip/xpm/xpm_cdc/hdl/xpm_cdc.sv:1175]
INFO: [Synth 8-6155] done synthesizing module 'xpm_cdc_async_rst' (0#1) [C:/AMDDesignTools/2025.2/Vivado/data/ip/xpm/xpm_cdc/hdl/xpm_cdc.sv:1175]
INFO: [Synth 8-6155] done synthesizing module 'bd_1c95_m00e_0' (0#1) [d:/project/DPU_Project_vivado/DPU_vivado/DPU_vivado.gen/sources_1/bd/DPU/ip/DPU_axi_smc_0/bd_0/ip/ip_32/synth/bd_1c95_m00e_0.sv:53]
INFO: [Synth 8-6155] done synthesizing module 'm00_exit_pipeline_imp_1228G3P' (0#1) [d:/project/DPU_Project_vivado/DPU_vivado/DPU_vivado.gen/sources_1/bd/DPU/ip/DPU_axi_smc_0/bd_0/synth/bd_1c95.v:1462]
INFO: [Synth 8-6157] synthesizing module 'm00_nodes_imp_1O8IYSP' [d:/project/DPU_Project_vivado/DPU_vivado/DPU_vivado.gen/sources_1/bd/DPU/ip/DPU_axi_smc_0/bd_0/synth/bd_1c95.v:1704]
INFO: [Synth 8-6157] synthesizing module 'bd_1c95_m00arn_0' [d:/project/DPU_Project_vivado/DPU_vivado/DPU_vivado.gen/sources_1/bd/DPU/ip/DPU_axi_smc_0/bd_0/ip/ip_27/synth/bd_1c95_m00arn_0.sv:53]
INFO: [Synth 8-6155] done synthesizing module 'bd_1c95_m00arn_0' (0#1) [d:/project/DPU_Project_vivado/DPU_vivado/DPU_vivado.gen/sources_1/bd/DPU/ip/DPU_axi_smc_0/bd_0/ip/ip_27/synth/bd_1c95_m00arn_0.sv:53]
INFO: [Synth 8-6157] synthesizing module 'bd_1c95_m00awn_0' [d:/project/DPU_Project_vivado/DPU_vivado/DPU_vivado.gen/sources_1/bd/DPU/ip/DPU_axi_smc_0/bd_0/ip/ip_29/synth/bd_1c95_m00awn_0.sv:53]
INFO: [Synth 8-6155] done synthesizing module 'bd_1c95_m00awn_0' (0#1) [d:/project/DPU_Project_vivado/DPU_vivado/DPU_vivado.gen/sources_1/bd/DPU/ip/DPU_axi_smc_0/bd_0/ip/ip_29/synth/bd_1c95_m00awn_0.sv:53]
INFO: [Synth 8-6157] synthesizing module 'bd_1c95_m00bn_0' [d:/project/DPU_Project_vivado/DPU_vivado/DPU_vivado.gen/sources_1/bd/DPU/ip/DPU_axi_smc_0/bd_0/ip/ip_31/synth/bd_1c95_m00bn_0.sv:53]
INFO: [Synth 8-6155] done synthesizing module 'bd_1c95_m00bn_0' (0#1) [d:/project/DPU_Project_vivado/DPU_vivado/DPU_vivado.gen/sources_1/bd/DPU/ip/DPU_axi_smc_0/bd_0/ip/ip_31/synth/bd_1c95_m00bn_0.sv:53]
INFO: [Synth 8-6157] synthesizing module 'bd_1c95_m00rn_0' [d:/project/DPU_Project_vivado/DPU_vivado/DPU_vivado.gen/sources_1/bd/DPU/ip/DPU_axi_smc_0/bd_0/ip/ip_28/synth/bd_1c95_m00rn_0.sv:53]
INFO: [Synth 8-6155] done synthesizing module 'bd_1c95_m00rn_0' (0#1) [d:/project/DPU_Project_vivado/DPU_vivado/DPU_vivado.gen/sources_1/bd/DPU/ip/DPU_axi_smc_0/bd_0/ip/ip_28/synth/bd_1c95_m00rn_0.sv:53]
INFO: [Synth 8-6157] synthesizing module 'bd_1c95_m00wn_0' [d:/project/DPU_Project_vivado/DPU_vivado/DPU_vivado.gen/sources_1/bd/DPU/ip/DPU_axi_smc_0/bd_0/ip/ip_30/synth/bd_1c95_m00wn_0.sv:53]
INFO: [Synth 8-6155] done synthesizing module 'bd_1c95_m00wn_0' (0#1) [d:/project/DPU_Project_vivado/DPU_vivado/DPU_vivado.gen/sources_1/bd/DPU/ip/DPU_axi_smc_0/bd_0/ip/ip_30/synth/bd_1c95_m00wn_0.sv:53]
INFO: [Synth 8-6155] done synthesizing module 'm00_nodes_imp_1O8IYSP' (0#1) [d:/project/DPU_Project_vivado/DPU_vivado/DPU_vivado.gen/sources_1/bd/DPU/ip/DPU_axi_smc_0/bd_0/synth/bd_1c95.v:1704]
INFO: [Synth 8-6157] synthesizing module 'bd_1c95_m00s2a_0' [d:/project/DPU_Project_vivado/DPU_vivado/DPU_vivado.gen/sources_1/bd/DPU/ip/DPU_axi_smc_0/bd_0/ip/ip_26/synth/bd_1c95_m00s2a_0.sv:53]
INFO: [Synth 8-6155] done synthesizing module 'bd_1c95_m00s2a_0' (0#1) [d:/project/DPU_Project_vivado/DPU_vivado/DPU_vivado.gen/sources_1/bd/DPU/ip/DPU_axi_smc_0/bd_0/ip/ip_26/synth/bd_1c95_m00s2a_0.sv:53]
INFO: [Synth 8-6157] synthesizing module 'm01_exit_pipeline_imp_17UG8JP' [d:/project/DPU_Project_vivado/DPU_vivado/DPU_vivado.gen/sources_1/bd/DPU/ip/DPU_axi_smc_0/bd_0/synth/bd_1c95.v:1946]
INFO: [Synth 8-6157] synthesizing module 'bd_1c95_m01e_0' [d:/project/DPU_Project_vivado/DPU_vivado/DPU_vivado.gen/sources_1/bd/DPU/ip/DPU_axi_smc_0/bd_0/ip/ip_39/synth/bd_1c95_m01e_0.sv:53]
INFO: [Synth 8-6155] done synthesizing module 'bd_1c95_m01e_0' (0#1) [d:/project/DPU_Project_vivado/DPU_vivado/DPU_vivado.gen/sources_1/bd/DPU/ip/DPU_axi_smc_0/bd_0/ip/ip_39/synth/bd_1c95_m01e_0.sv:53]
INFO: [Synth 8-6155] done synthesizing module 'm01_exit_pipeline_imp_17UG8JP' (0#1) [d:/project/DPU_Project_vivado/DPU_vivado/DPU_vivado.gen/sources_1/bd/DPU/ip/DPU_axi_smc_0/bd_0/synth/bd_1c95.v:1946]
INFO: [Synth 8-6157] synthesizing module 'm01_nodes_imp_IW4U73' [d:/project/DPU_Project_vivado/DPU_vivado/DPU_vivado.gen/sources_1/bd/DPU/ip/DPU_axi_smc_0/bd_0/synth/bd_1c95.v:2188]
INFO: [Synth 8-6157] synthesizing module 'bd_1c95_m01arn_0' [d:/project/DPU_Project_vivado/DPU_vivado/DPU_vivado.gen/sources_1/bd/DPU/ip/DPU_axi_smc_0/bd_0/ip/ip_34/synth/bd_1c95_m01arn_0.sv:53]
INFO: [Synth 8-6155] done synthesizing module 'bd_1c95_m01arn_0' (0#1) [d:/project/DPU_Project_vivado/DPU_vivado/DPU_vivado.gen/sources_1/bd/DPU/ip/DPU_axi_smc_0/bd_0/ip/ip_34/synth/bd_1c95_m01arn_0.sv:53]
INFO: [Synth 8-6157] synthesizing module 'bd_1c95_m01awn_0' [d:/project/DPU_Project_vivado/DPU_vivado/DPU_vivado.gen/sources_1/bd/DPU/ip/DPU_axi_smc_0/bd_0/ip/ip_36/synth/bd_1c95_m01awn_0.sv:53]
INFO: [Synth 8-6155] done synthesizing module 'bd_1c95_m01awn_0' (0#1) [d:/project/DPU_Project_vivado/DPU_vivado/DPU_vivado.gen/sources_1/bd/DPU/ip/DPU_axi_smc_0/bd_0/ip/ip_36/synth/bd_1c95_m01awn_0.sv:53]
INFO: [Synth 8-6157] synthesizing module 'bd_1c95_m01bn_0' [d:/project/DPU_Project_vivado/DPU_vivado/DPU_vivado.gen/sources_1/bd/DPU/ip/DPU_axi_smc_0/bd_0/ip/ip_38/synth/bd_1c95_m01bn_0.sv:53]
INFO: [Synth 8-6155] done synthesizing module 'bd_1c95_m01bn_0' (0#1) [d:/project/DPU_Project_vivado/DPU_vivado/DPU_vivado.gen/sources_1/bd/DPU/ip/DPU_axi_smc_0/bd_0/ip/ip_38/synth/bd_1c95_m01bn_0.sv:53]
INFO: [Synth 8-6157] synthesizing module 'bd_1c95_m01rn_0' [d:/project/DPU_Project_vivado/DPU_vivado/DPU_vivado.gen/sources_1/bd/DPU/ip/DPU_axi_smc_0/bd_0/ip/ip_35/synth/bd_1c95_m01rn_0.sv:53]
INFO: [Synth 8-6155] done synthesizing module 'bd_1c95_m01rn_0' (0#1) [d:/project/DPU_Project_vivado/DPU_vivado/DPU_vivado.gen/sources_1/bd/DPU/ip/DPU_axi_smc_0/bd_0/ip/ip_35/synth/bd_1c95_m01rn_0.sv:53]
INFO: [Synth 8-6157] synthesizing module 'bd_1c95_m01wn_0' [d:/project/DPU_Project_vivado/DPU_vivado/DPU_vivado.gen/sources_1/bd/DPU/ip/DPU_axi_smc_0/bd_0/ip/ip_37/synth/bd_1c95_m01wn_0.sv:53]
INFO: [Synth 8-6155] done synthesizing module 'bd_1c95_m01wn_0' (0#1) [d:/project/DPU_Project_vivado/DPU_vivado/DPU_vivado.gen/sources_1/bd/DPU/ip/DPU_axi_smc_0/bd_0/ip/ip_37/synth/bd_1c95_m01wn_0.sv:53]
INFO: [Synth 8-6155] done synthesizing module 'm01_nodes_imp_IW4U73' (0#1) [d:/project/DPU_Project_vivado/DPU_vivado/DPU_vivado.gen/sources_1/bd/DPU/ip/DPU_axi_smc_0/bd_0/synth/bd_1c95.v:2188]
INFO: [Synth 8-6157] synthesizing module 'bd_1c95_m01s2a_0' [d:/project/DPU_Project_vivado/DPU_vivado/DPU_vivado.gen/sources_1/bd/DPU/ip/DPU_axi_smc_0/bd_0/ip/ip_33/synth/bd_1c95_m01s2a_0.sv:53]
INFO: [Synth 8-6155] done synthesizing module 'bd_1c95_m01s2a_0' (0#1) [d:/project/DPU_Project_vivado/DPU_vivado/DPU_vivado.gen/sources_1/bd/DPU/ip/DPU_axi_smc_0/bd_0/ip/ip_33/synth/bd_1c95_m01s2a_0.sv:53]
INFO: [Synth 8-6157] synthesizing module 'bd_1c95_s00a2s_0' [d:/project/DPU_Project_vivado/DPU_vivado/DPU_vivado.gen/sources_1/bd/DPU/ip/DPU_axi_smc_0/bd_0/ip/ip_20/synth/bd_1c95_s00a2s_0.sv:53]
INFO: [Synth 8-6155] done synthesizing module 'bd_1c95_s00a2s_0' (0#1) [d:/project/DPU_Project_vivado/DPU_vivado/DPU_vivado.gen/sources_1/bd/DPU/ip/DPU_axi_smc_0/bd_0/ip/ip_20/synth/bd_1c95_s00a2s_0.sv:53]
INFO: [Synth 8-6157] synthesizing module 's00_entry_pipeline_imp_2S28W6' [d:/project/DPU_Project_vivado/DPU_vivado/DPU_vivado.gen/sources_1/bd/DPU/ip/DPU_axi_smc_0/bd_0/synth/bd_1c95.v:2430]
INFO: [Synth 8-6157] synthesizing module 'bd_1c95_s00mmu_0' [d:/project/DPU_Project_vivado/DPU_vivado/DPU_vivado.gen/sources_1/bd/DPU/ip/DPU_axi_smc_0/bd_0/ip/ip_17/synth/bd_1c95_s00mmu_0.sv:53]
INFO: [Synth 8-6155] done synthesizing module 'bd_1c95_s00mmu_0' (0#1) [d:/project/DPU_Project_vivado/DPU_vivado/DPU_vivado.gen/sources_1/bd/DPU/ip/DPU_axi_smc_0/bd_0/ip/ip_17/synth/bd_1c95_s00mmu_0.sv:53]
INFO: [Synth 8-6157] synthesizing module 'bd_1c95_s00sic_0' [d:/project/DPU_Project_vivado/DPU_vivado/DPU_vivado.gen/sources_1/bd/DPU/ip/DPU_axi_smc_0/bd_0/ip/ip_19/synth/bd_1c95_s00sic_0.sv:53]
INFO: [Synth 8-6155] done synthesizing module 'bd_1c95_s00sic_0' (0#1) [d:/project/DPU_Project_vivado/DPU_vivado/DPU_vivado.gen/sources_1/bd/DPU/ip/DPU_axi_smc_0/bd_0/ip/ip_19/synth/bd_1c95_s00sic_0.sv:53]
INFO: [Synth 8-6157] synthesizing module 'bd_1c95_s00tr_0' [d:/project/DPU_Project_vivado/DPU_vivado/DPU_vivado.gen/sources_1/bd/DPU/ip/DPU_axi_smc_0/bd_0/ip/ip_18/synth/bd_1c95_s00tr_0.sv:53]
INFO: [Synth 8-6155] done synthesizing module 'bd_1c95_s00tr_0' (0#1) [d:/project/DPU_Project_vivado/DPU_vivado/DPU_vivado.gen/sources_1/bd/DPU/ip/DPU_axi_smc_0/bd_0/ip/ip_18/synth/bd_1c95_s00tr_0.sv:53]
INFO: [Synth 8-6155] done synthesizing module 's00_entry_pipeline_imp_2S28W6' (0#1) [d:/project/DPU_Project_vivado/DPU_vivado/DPU_vivado.gen/sources_1/bd/DPU/ip/DPU_axi_smc_0/bd_0/synth/bd_1c95.v:2430]
INFO: [Synth 8-6157] synthesizing module 's00_nodes_imp_8T15SS' [d:/project/DPU_Project_vivado/DPU_vivado/DPU_vivado.gen/sources_1/bd/DPU/ip/DPU_axi_smc_0/bd_0/synth/bd_1c95.v:3006]
INFO: [Synth 8-6157] synthesizing module 'bd_1c95_sarn_0' [d:/project/DPU_Project_vivado/DPU_vivado/DPU_vivado.gen/sources_1/bd/DPU/ip/DPU_axi_smc_0/bd_0/ip/ip_21/synth/bd_1c95_sarn_0.sv:53]
INFO: [Synth 8-6155] done synthesizing module 'bd_1c95_sarn_0' (0#1) [d:/project/DPU_Project_vivado/DPU_vivado/DPU_vivado.gen/sources_1/bd/DPU/ip/DPU_axi_smc_0/bd_0/ip/ip_21/synth/bd_1c95_sarn_0.sv:53]
INFO: [Synth 8-6157] synthesizing module 'bd_1c95_sawn_0' [d:/project/DPU_Project_vivado/DPU_vivado/DPU_vivado.gen/sources_1/bd/DPU/ip/DPU_axi_smc_0/bd_0/ip/ip_23/synth/bd_1c95_sawn_0.sv:53]
INFO: [Synth 8-6155] done synthesizing module 'bd_1c95_sawn_0' (0#1) [d:/project/DPU_Project_vivado/DPU_vivado/DPU_vivado.gen/sources_1/bd/DPU/ip/DPU_axi_smc_0/bd_0/ip/ip_23/synth/bd_1c95_sawn_0.sv:53]
INFO: [Synth 8-6157] synthesizing module 'bd_1c95_sbn_0' [d:/project/DPU_Project_vivado/DPU_vivado/DPU_vivado.gen/sources_1/bd/DPU/ip/DPU_axi_smc_0/bd_0/ip/ip_25/synth/bd_1c95_sbn_0.sv:53]
INFO: [Synth 8-6155] done synthesizing module 'bd_1c95_sbn_0' (0#1) [d:/project/DPU_Project_vivado/DPU_vivado/DPU_vivado.gen/sources_1/bd/DPU/ip/DPU_axi_smc_0/bd_0/ip/ip_25/synth/bd_1c95_sbn_0.sv:53]
INFO: [Synth 8-6157] synthesizing module 'bd_1c95_srn_0' [d:/project/DPU_Project_vivado/DPU_vivado/DPU_vivado.gen/sources_1/bd/DPU/ip/DPU_axi_smc_0/bd_0/ip/ip_22/synth/bd_1c95_srn_0.sv:53]
INFO: [Synth 8-6155] done synthesizing module 'bd_1c95_srn_0' (0#1) [d:/project/DPU_Project_vivado/DPU_vivado/DPU_vivado.gen/sources_1/bd/DPU/ip/DPU_axi_smc_0/bd_0/ip/ip_22/synth/bd_1c95_srn_0.sv:53]
INFO: [Synth 8-6157] synthesizing module 'bd_1c95_swn_0' [d:/project/DPU_Project_vivado/DPU_vivado/DPU_vivado.gen/sources_1/bd/DPU/ip/DPU_axi_smc_0/bd_0/ip/ip_24/synth/bd_1c95_swn_0.sv:53]
INFO: [Synth 8-6155] done synthesizing module 'bd_1c95_swn_0' (0#1) [d:/project/DPU_Project_vivado/DPU_vivado/DPU_vivado.gen/sources_1/bd/DPU/ip/DPU_axi_smc_0/bd_0/ip/ip_24/synth/bd_1c95_swn_0.sv:53]
INFO: [Synth 8-6155] done synthesizing module 's00_nodes_imp_8T15SS' (0#1) [d:/project/DPU_Project_vivado/DPU_vivado/DPU_vivado.gen/sources_1/bd/DPU/ip/DPU_axi_smc_0/bd_0/synth/bd_1c95.v:3006]
INFO: [Synth 8-6157] synthesizing module 'switchboards_imp_W9LVUW' [d:/project/DPU_Project_vivado/DPU_vivado/DPU_vivado.gen/sources_1/bd/DPU/ip/DPU_axi_smc_0/bd_0/synth/bd_1c95.v:3248]
INFO: [Synth 8-6157] synthesizing module 'bd_1c95_arinsw_0' [d:/project/DPU_Project_vivado/DPU_vivado/DPU_vivado.gen/sources_1/bd/DPU/ip/DPU_axi_smc_0/bd_0/ip/ip_2/synth/bd_1c95_arinsw_0.sv:53]
INFO: [Synth 8-6155] done synthesizing module 'bd_1c95_arinsw_0' (0#1) [d:/project/DPU_Project_vivado/DPU_vivado/DPU_vivado.gen/sources_1/bd/DPU/ip/DPU_axi_smc_0/bd_0/ip/ip_2/synth/bd_1c95_arinsw_0.sv:53]
INFO: [Synth 8-6157] synthesizing module 'bd_1c95_aroutsw_0' [d:/project/DPU_Project_vivado/DPU_vivado/DPU_vivado.gen/sources_1/bd/DPU/ip/DPU_axi_smc_0/bd_0/ip/ip_7/synth/bd_1c95_aroutsw_0.sv:53]
INFO: [Synth 8-6155] done synthesizing module 'bd_1c95_aroutsw_0' (0#1) [d:/project/DPU_Project_vivado/DPU_vivado/DPU_vivado.gen/sources_1/bd/DPU/ip/DPU_axi_smc_0/bd_0/ip/ip_7/synth/bd_1c95_aroutsw_0.sv:53]
INFO: [Synth 8-6157] synthesizing module 'bd_1c95_awinsw_0' [d:/project/DPU_Project_vivado/DPU_vivado/DPU_vivado.gen/sources_1/bd/DPU/ip/DPU_axi_smc_0/bd_0/ip/ip_4/synth/bd_1c95_awinsw_0.sv:53]
INFO: [Synth 8-6155] done synthesizing module 'bd_1c95_awinsw_0' (0#1) [d:/project/DPU_Project_vivado/DPU_vivado/DPU_vivado.gen/sources_1/bd/DPU/ip/DPU_axi_smc_0/bd_0/ip/ip_4/synth/bd_1c95_awinsw_0.sv:53]
INFO: [Synth 8-6157] synthesizing module 'bd_1c95_awoutsw_0' [d:/project/DPU_Project_vivado/DPU_vivado/DPU_vivado.gen/sources_1/bd/DPU/ip/DPU_axi_smc_0/bd_0/ip/ip_9/synth/bd_1c95_awoutsw_0.sv:53]
INFO: [Synth 8-6155] done synthesizing module 'bd_1c95_awoutsw_0' (0#1) [d:/project/DPU_Project_vivado/DPU_vivado/DPU_vivado.gen/sources_1/bd/DPU/ip/DPU_axi_smc_0/bd_0/ip/ip_9/synth/bd_1c95_awoutsw_0.sv:53]
INFO: [Synth 8-6157] synthesizing module 'bd_1c95_binsw_0' [d:/project/DPU_Project_vivado/DPU_vivado/DPU_vivado.gen/sources_1/bd/DPU/ip/DPU_axi_smc_0/bd_0/ip/ip_6/synth/bd_1c95_binsw_0.sv:53]
INFO: [Synth 8-6155] done synthesizing module 'bd_1c95_binsw_0' (0#1) [d:/project/DPU_Project_vivado/DPU_vivado/DPU_vivado.gen/sources_1/bd/DPU/ip/DPU_axi_smc_0/bd_0/ip/ip_6/synth/bd_1c95_binsw_0.sv:53]
INFO: [Synth 8-6157] synthesizing module 'bd_1c95_boutsw_0' [d:/project/DPU_Project_vivado/DPU_vivado/DPU_vivado.gen/sources_1/bd/DPU/ip/DPU_axi_smc_0/bd_0/ip/ip_11/synth/bd_1c95_boutsw_0.sv:53]
INFO: [Synth 8-6155] done synthesizing module 'bd_1c95_boutsw_0' (0#1) [d:/project/DPU_Project_vivado/DPU_vivado/DPU_vivado.gen/sources_1/bd/DPU/ip/DPU_axi_smc_0/bd_0/ip/ip_11/synth/bd_1c95_boutsw_0.sv:53]
INFO: [Synth 8-6157] synthesizing module 'i_nodes_imp_1CY8EY8' [d:/project/DPU_Project_vivado/DPU_vivado/DPU_vivado.gen/sources_1/bd/DPU/ip/DPU_axi_smc_0/bd_0/synth/bd_1c95.v:1220]
INFO: [Synth 8-6157] synthesizing module 'bd_1c95_arni_0' [d:/project/DPU_Project_vivado/DPU_vivado/DPU_vivado.gen/sources_1/bd/DPU/ip/DPU_axi_smc_0/bd_0/ip/ip_12/synth/bd_1c95_arni_0.sv:53]
INFO: [Synth 8-6155] done synthesizing module 'bd_1c95_arni_0' (0#1) [d:/project/DPU_Project_vivado/DPU_vivado/DPU_vivado.gen/sources_1/bd/DPU/ip/DPU_axi_smc_0/bd_0/ip/ip_12/synth/bd_1c95_arni_0.sv:53]
INFO: [Synth 8-6157] synthesizing module 'bd_1c95_awni_0' [d:/project/DPU_Project_vivado/DPU_vivado/DPU_vivado.gen/sources_1/bd/DPU/ip/DPU_axi_smc_0/bd_0/ip/ip_14/synth/bd_1c95_awni_0.sv:53]
INFO: [Synth 8-6155] done synthesizing module 'bd_1c95_awni_0' (0#1) [d:/project/DPU_Project_vivado/DPU_vivado/DPU_vivado.gen/sources_1/bd/DPU/ip/DPU_axi_smc_0/bd_0/ip/ip_14/synth/bd_1c95_awni_0.sv:53]
INFO: [Synth 8-6157] synthesizing module 'bd_1c95_bni_0' [d:/project/DPU_Project_vivado/DPU_vivado/DPU_vivado.gen/sources_1/bd/DPU/ip/DPU_axi_smc_0/bd_0/ip/ip_16/synth/bd_1c95_bni_0.sv:53]
INFO: [Synth 8-6155] done synthesizing module 'bd_1c95_bni_0' (0#1) [d:/project/DPU_Project_vivado/DPU_vivado/DPU_vivado.gen/sources_1/bd/DPU/ip/DPU_axi_smc_0/bd_0/ip/ip_16/synth/bd_1c95_bni_0.sv:53]
INFO: [Synth 8-6157] synthesizing module 'bd_1c95_rni_0' [d:/project/DPU_Project_vivado/DPU_vivado/DPU_vivado.gen/sources_1/bd/DPU/ip/DPU_axi_smc_0/bd_0/ip/ip_13/synth/bd_1c95_rni_0.sv:53]
INFO: [Synth 8-6155] done synthesizing module 'bd_1c95_rni_0' (0#1) [d:/project/DPU_Project_vivado/DPU_vivado/DPU_vivado.gen/sources_1/bd/DPU/ip/DPU_axi_smc_0/bd_0/ip/ip_13/synth/bd_1c95_rni_0.sv:53]
INFO: [Synth 8-6157] synthesizing module 'bd_1c95_wni_0' [d:/project/DPU_Project_vivado/DPU_vivado/DPU_vivado.gen/sources_1/bd/DPU/ip/DPU_axi_smc_0/bd_0/ip/ip_15/synth/bd_1c95_wni_0.sv:53]
INFO: [Synth 8-6155] done synthesizing module 'bd_1c95_wni_0' (0#1) [d:/project/DPU_Project_vivado/DPU_vivado/DPU_vivado.gen/sources_1/bd/DPU/ip/DPU_axi_smc_0/bd_0/ip/ip_15/synth/bd_1c95_wni_0.sv:53]
INFO: [Synth 8-6155] done synthesizing module 'i_nodes_imp_1CY8EY8' (0#1) [d:/project/DPU_Project_vivado/DPU_vivado/DPU_vivado.gen/sources_1/bd/DPU/ip/DPU_axi_smc_0/bd_0/synth/bd_1c95.v:1220]
INFO: [Synth 8-6157] synthesizing module 'bd_1c95_rinsw_0' [d:/project/DPU_Project_vivado/DPU_vivado/DPU_vivado.gen/sources_1/bd/DPU/ip/DPU_axi_smc_0/bd_0/ip/ip_3/synth/bd_1c95_rinsw_0.sv:53]
INFO: [Synth 8-6155] done synthesizing module 'bd_1c95_rinsw_0' (0#1) [d:/project/DPU_Project_vivado/DPU_vivado/DPU_vivado.gen/sources_1/bd/DPU/ip/DPU_axi_smc_0/bd_0/ip/ip_3/synth/bd_1c95_rinsw_0.sv:53]
INFO: [Synth 8-6157] synthesizing module 'bd_1c95_routsw_0' [d:/project/DPU_Project_vivado/DPU_vivado/DPU_vivado.gen/sources_1/bd/DPU/ip/DPU_axi_smc_0/bd_0/ip/ip_8/synth/bd_1c95_routsw_0.sv:53]
INFO: [Synth 8-6155] done synthesizing module 'bd_1c95_routsw_0' (0#1) [d:/project/DPU_Project_vivado/DPU_vivado/DPU_vivado.gen/sources_1/bd/DPU/ip/DPU_axi_smc_0/bd_0/ip/ip_8/synth/bd_1c95_routsw_0.sv:53]
INFO: [Synth 8-6157] synthesizing module 'bd_1c95_winsw_0' [d:/project/DPU_Project_vivado/DPU_vivado/DPU_vivado.gen/sources_1/bd/DPU/ip/DPU_axi_smc_0/bd_0/ip/ip_5/synth/bd_1c95_winsw_0.sv:53]
INFO: [Synth 8-6155] done synthesizing module 'bd_1c95_winsw_0' (0#1) [d:/project/DPU_Project_vivado/DPU_vivado/DPU_vivado.gen/sources_1/bd/DPU/ip/DPU_axi_smc_0/bd_0/ip/ip_5/synth/bd_1c95_winsw_0.sv:53]
INFO: [Synth 8-6157] synthesizing module 'bd_1c95_woutsw_0' [d:/project/DPU_Project_vivado/DPU_vivado/DPU_vivado.gen/sources_1/bd/DPU/ip/DPU_axi_smc_0/bd_0/ip/ip_10/synth/bd_1c95_woutsw_0.sv:53]
INFO: [Synth 8-6155] done synthesizing module 'bd_1c95_woutsw_0' (0#1) [d:/project/DPU_Project_vivado/DPU_vivado/DPU_vivado.gen/sources_1/bd/DPU/ip/DPU_axi_smc_0/bd_0/ip/ip_10/synth/bd_1c95_woutsw_0.sv:53]
INFO: [Synth 8-6155] done synthesizing module 'switchboards_imp_W9LVUW' (0#1) [d:/project/DPU_Project_vivado/DPU_vivado/DPU_vivado.gen/sources_1/bd/DPU/ip/DPU_axi_smc_0/bd_0/synth/bd_1c95.v:3248]
INFO: [Synth 8-6155] done synthesizing module 'bd_1c95' (0#1) [d:/project/DPU_Project_vivado/DPU_vivado/DPU_vivado.gen/sources_1/bd/DPU/ip/DPU_axi_smc_0/bd_0/synth/bd_1c95.v:10]
INFO: [Synth 8-6155] done synthesizing module 'DPU_axi_smc_0' (0#1) [d:/project/DPU_Project_vivado/DPU_vivado/DPU_vivado.gen/sources_1/bd/DPU/ip/DPU_axi_smc_0/synth/DPU_axi_smc_0.v:53]
WARNING: [Synth 8-3848] Net aresetn_out in module/entity clk_map_imp_VHTQ3I does not have driver. [d:/project/DPU_Project_vivado/DPU_vivado/DPU_vivado.gen/sources_1/bd/DPU/ip/DPU_axi_smc_0/bd_0/synth/bd_1c95.v:1194]
INFO: [Synth 8-7129] Port aclk in module sc_util_v1_0_4_pipeline__parameterized3 is either unconnected or has no load
INFO: [Synth 8-7129] Port aclken in module sc_util_v1_0_4_pipeline__parameterized3 is either unconnected or has no load
INFO: [Synth 8-7129] Port areset in module sc_util_v1_0_4_pipeline__parameterized3 is either unconnected or has no load
INFO: [Synth 8-7129] Port aclk in module sc_util_v1_0_4_pipeline__parameterized0 is either unconnected or has no load
INFO: [Synth 8-7129] Port aclken in module sc_util_v1_0_4_pipeline__parameterized0 is either unconnected or has no load
INFO: [Synth 8-7129] Port areset in module sc_util_v1_0_4_pipeline__parameterized0 is either unconnected or has no load
INFO: [Synth 8-7129] Port din[0] in module sc_util_v1_0_4_onehot_to_binary__parameterized0 is either unconnected or has no load
INFO: [Synth 8-7129] Port connectivity[1] in module sc_switchboard_v1_0_9_top__parameterized5 is either unconnected or has no load
INFO: [Synth 8-7129] Port connectivity[0] in module sc_switchboard_v1_0_9_top__parameterized5 is either unconnected or has no load
INFO: [Synth 8-7129] Port connectivity[0] in module sc_switchboard_v1_0_9_top__parameterized3 is either unconnected or has no load
INFO: [Synth 8-7129] Port din[0] in module sc_util_v1_0_4_onehot_to_binary__parameterized1 is either unconnected or has no load
INFO: [Synth 8-7129] Port connectivity[1] in module sc_switchboard_v1_0_9_top__parameterized4 is either unconnected or has no load
INFO: [Synth 8-7129] Port connectivity[0] in module sc_switchboard_v1_0_9_top__parameterized4 is either unconnected or has no load
INFO: [Synth 8-7129] Port din[0] in module sc_util_v1_0_4_onehot_to_binary is either unconnected or has no load
INFO: [Synth 8-7129] Port slow_clk in module sc_util_v1_0_4_sample_cycle_ratio is either unconnected or has no load
INFO: [Synth 8-7129] Port fast_clk in module sc_util_v1_0_4_sample_cycle_ratio is either unconnected or has no load
INFO: [Synth 8-7129] Port aclk in module sc_util_v1_0_4_pipeline__parameterized9 is either unconnected or has no load
INFO: [Synth 8-7129] Port aclken in module sc_util_v1_0_4_pipeline__parameterized9 is either unconnected or has no load
INFO: [Synth 8-7129] Port areset in module sc_util_v1_0_4_pipeline__parameterized9 is either unconnected or has no load
INFO: [Synth 8-7129] Port aclk in module sc_node_v1_0_19_reg_slice3 is either unconnected or has no load
INFO: [Synth 8-7129] Port aclken in module sc_node_v1_0_19_reg_slice3 is either unconnected or has no load
INFO: [Synth 8-7129] Port areset in module sc_node_v1_0_19_reg_slice3 is either unconnected or has no load
INFO: [Synth 8-7129] Port aclk in module sc_node_v1_0_19_si_handler__parameterized8 is either unconnected or has no load
INFO: [Synth 8-7129] Port aclken in module sc_node_v1_0_19_si_handler__parameterized8 is either unconnected or has no load
INFO: [Synth 8-7129] Port areset in module sc_node_v1_0_19_si_handler__parameterized8 is either unconnected or has no load
INFO: [Synth 8-7129] Port s_sc_req[0] in module sc_node_v1_0_19_si_handler__parameterized8 is either unconnected or has no load
INFO: [Synth 8-7129] Port s_sc_info[0] in module sc_node_v1_0_19_si_handler__parameterized8 is either unconnected or has no load
INFO: [Synth 8-7129] Port s_axis_arb_tvalid in module sc_node_v1_0_19_si_handler__parameterized8 is either unconnected or has no load
INFO: [Synth 8-7129] Port s_axis_arb_tdata[15] in module sc_node_v1_0_19_si_handler__parameterized8 is either unconnected or has no load
INFO: [Synth 8-7129] Port s_axis_arb_tdata[14] in module sc_node_v1_0_19_si_handler__parameterized8 is either unconnected or has no load
INFO: [Synth 8-7129] Port s_axis_arb_tdata[13] in module sc_node_v1_0_19_si_handler__parameterized8 is either unconnected or has no load
INFO: [Synth 8-7129] Port s_axis_arb_tdata[12] in module sc_node_v1_0_19_si_handler__parameterized8 is either unconnected or has no load
INFO: [Synth 8-7129] Port s_axis_arb_tdata[11] in module sc_node_v1_0_19_si_handler__parameterized8 is either unconnected or has no load
INFO: [Synth 8-7129] Port s_axis_arb_tdata[10] in module sc_node_v1_0_19_si_handler__parameterized8 is either unconnected or has no load
INFO: [Synth 8-7129] Port s_axis_arb_tdata[9] in module sc_node_v1_0_19_si_handler__parameterized8 is either unconnected or has no load
INFO: [Synth 8-7129] Port s_axis_arb_tdata[8] in module sc_node_v1_0_19_si_handler__parameterized8 is either unconnected or has no load
INFO: [Synth 8-7129] Port s_axis_arb_tdata[7] in module sc_node_v1_0_19_si_handler__parameterized8 is either unconnected or has no load
INFO: [Synth 8-7129] Port s_axis_arb_tdata[6] in module sc_node_v1_0_19_si_handler__parameterized8 is either unconnected or has no load
INFO: [Synth 8-7129] Port s_axis_arb_tdata[5] in module sc_node_v1_0_19_si_handler__parameterized8 is either unconnected or has no load
INFO: [Synth 8-7129] Port s_axis_arb_tdata[4] in module sc_node_v1_0_19_si_handler__parameterized8 is either unconnected or has no load
INFO: [Synth 8-7129] Port s_axis_arb_tdata[3] in module sc_node_v1_0_19_si_handler__parameterized8 is either unconnected or has no load
INFO: [Synth 8-7129] Port s_axis_arb_tdata[2] in module sc_node_v1_0_19_si_handler__parameterized8 is either unconnected or has no load
INFO: [Synth 8-7129] Port s_axis_arb_tdata[1] in module sc_node_v1_0_19_si_handler__parameterized8 is either unconnected or has no load
INFO: [Synth 8-7129] Port s_axis_arb_tdata[0] in module sc_node_v1_0_19_si_handler__parameterized8 is either unconnected or has no load
INFO: [Synth 8-7129] Port m_axis_arb_tready in module sc_node_v1_0_19_si_handler__parameterized8 is either unconnected or has no load
INFO: [Synth 8-7129] Port aclk in module sc_util_v1_0_4_axic_register_slice is either unconnected or has no load
INFO: [Synth 8-7129] Port areset in module sc_util_v1_0_4_axic_register_slice is either unconnected or has no load
INFO: [Synth 8-7129] Port aclken in module sc_util_v1_0_4_axic_register_slice is either unconnected or has no load
INFO: [Synth 8-7129] Port m_sc_aclken in module sc_node_v1_0_19_top__parameterized13 is either unconnected or has no load
INFO: [Synth 8-7129] Port din[0] in module sc_util_v1_0_4_onehot_to_binary__parameterized2 is either unconnected or has no load
INFO: [Synth 8-7129] Port aclk in module sc_util_v1_0_4_pipeline__parameterized6 is either unconnected or has no load
INFO: [Synth 8-7129] Port aclken in module sc_util_v1_0_4_pipeline__parameterized6 is either unconnected or has no load
INFO: [Synth 8-7129] Port areset in module sc_util_v1_0_4_pipeline__parameterized6 is either unconnected or has no load
INFO: [Synth 8-7129] Port s_sc_payld[54] in module sc_node_v1_0_19_ingress__parameterized7 is either unconnected or has no load
INFO: [Synth 8-7129] Port s_sc_payld[53] in module sc_node_v1_0_19_ingress__parameterized7 is either unconnected or has no load
INFO: [Synth 8-7129] Port aclk in module sc_util_v1_0_4_pipeline__parameterized8 is either unconnected or has no load
INFO: [Synth 8-7129] Port aclken in module sc_util_v1_0_4_pipeline__parameterized8 is either unconnected or has no load
INFO: [Synth 8-7129] Port areset in module sc_util_v1_0_4_pipeline__parameterized8 is either unconnected or has no load
INFO: [Synth 8-7129] Port aclk in module sc_node_v1_0_19_reg_slice3__parameterized0 is either unconnected or has no load
INFO: [Synth 8-7129] Port aclken in module sc_node_v1_0_19_reg_slice3__parameterized0 is either unconnected or has no load
INFO: [Synth 8-7129] Port areset in module sc_node_v1_0_19_reg_slice3__parameterized0 is either unconnected or has no load
INFO: [Synth 8-7129] Port areset in module sc_node_v1_0_19_fi_regulator is either unconnected or has no load
INFO: [Synth 8-7129] Port s_sc_info[1] in module sc_node_v1_0_19_si_handler__parameterized7 is either unconnected or has no load
INFO: [Synth 8-7129] Port s_sc_info[0] in module sc_node_v1_0_19_si_handler__parameterized7 is either unconnected or has no load
INFO: [Synth 8-7129] Port s_axis_arb_tvalid in module sc_node_v1_0_19_si_handler__parameterized7 is either unconnected or has no load
INFO: [Synth 8-7129] Port s_axis_arb_tdata[15] in module sc_node_v1_0_19_si_handler__parameterized7 is either unconnected or has no load
INFO: [Synth 8-7129] Port s_axis_arb_tdata[14] in module sc_node_v1_0_19_si_handler__parameterized7 is either unconnected or has no load
INFO: [Synth 8-7129] Port s_axis_arb_tdata[13] in module sc_node_v1_0_19_si_handler__parameterized7 is either unconnected or has no load
INFO: [Synth 8-7129] Port s_axis_arb_tdata[12] in module sc_node_v1_0_19_si_handler__parameterized7 is either unconnected or has no load
INFO: [Synth 8-7129] Port s_axis_arb_tdata[11] in module sc_node_v1_0_19_si_handler__parameterized7 is either unconnected or has no load
INFO: [Synth 8-7129] Port s_axis_arb_tdata[10] in module sc_node_v1_0_19_si_handler__parameterized7 is either unconnected or has no load
INFO: [Synth 8-7129] Port s_axis_arb_tdata[9] in module sc_node_v1_0_19_si_handler__parameterized7 is either unconnected or has no load
INFO: [Synth 8-7129] Port s_axis_arb_tdata[8] in module sc_node_v1_0_19_si_handler__parameterized7 is either unconnected or has no load
INFO: [Synth 8-7129] Port s_axis_arb_tdata[7] in module sc_node_v1_0_19_si_handler__parameterized7 is either unconnected or has no load
INFO: [Synth 8-7129] Port s_axis_arb_tdata[6] in module sc_node_v1_0_19_si_handler__parameterized7 is either unconnected or has no load
INFO: [Synth 8-7129] Port s_axis_arb_tdata[5] in module sc_node_v1_0_19_si_handler__parameterized7 is either unconnected or has no load
INFO: [Synth 8-7129] Port s_axis_arb_tdata[4] in module sc_node_v1_0_19_si_handler__parameterized7 is either unconnected or has no load
INFO: [Synth 8-7129] Port s_axis_arb_tdata[3] in module sc_node_v1_0_19_si_handler__parameterized7 is either unconnected or has no load
INFO: [Synth 8-7129] Port s_axis_arb_tdata[2] in module sc_node_v1_0_19_si_handler__parameterized7 is either unconnected or has no load
INFO: [Synth 8-7129] Port s_axis_arb_tdata[1] in module sc_node_v1_0_19_si_handler__parameterized7 is either unconnected or has no load
INFO: [Synth 8-7129] Port s_axis_arb_tdata[0] in module sc_node_v1_0_19_si_handler__parameterized7 is either unconnected or has no load
INFO: [Synth 8-7129] Port m_axis_arb_tready in module sc_node_v1_0_19_si_handler__parameterized7 is either unconnected or has no load
INFO: [Synth 8-7129] Port m_sc_aclken in module sc_node_v1_0_19_top__parameterized12 is either unconnected or has no load
INFO: [Synth 8-7129] Port s_sc_payld[8] in module sc_node_v1_0_19_ingress__parameterized6 is either unconnected or has no load
INFO: [Synth 8-7129] Port s_sc_payld[7] in module sc_node_v1_0_19_ingress__parameterized6 is either unconnected or has no load
INFO: [Synth 8-7129] Port aclk in module sc_util_v1_0_4_pipeline__parameterized7 is either unconnected or has no load
INFO: [Synth 8-7129] Port aclken in module sc_util_v1_0_4_pipeline__parameterized7 is either unconnected or has no load
INFO: [Synth 8-7129] Port areset in module sc_util_v1_0_4_pipeline__parameterized7 is either unconnected or has no load
INFO: [Synth 8-7129] Port aclk in module sc_util_v1_0_4_pipeline__parameterized2 is either unconnected or has no load
INFO: [Synth 8-7129] Port aclken in module sc_util_v1_0_4_pipeline__parameterized2 is either unconnected or has no load
INFO: [Synth 8-7129] Port areset in module sc_util_v1_0_4_pipeline__parameterized2 is either unconnected or has no load
INFO: [Synth 8-7129] Port s_sc_info[1] in module sc_node_v1_0_19_si_handler__parameterized6 is either unconnected or has no load
INFO: [Synth 8-7129] Port s_sc_info[0] in module sc_node_v1_0_19_si_handler__parameterized6 is either unconnected or has no load
INFO: [Synth 8-7129] Port s_axis_arb_tvalid in module sc_node_v1_0_19_si_handler__parameterized6 is either unconnected or has no load
INFO: [Synth 8-7129] Port s_axis_arb_tdata[15] in module sc_node_v1_0_19_si_handler__parameterized6 is either unconnected or has no load
INFO: [Synth 8-7129] Port s_axis_arb_tdata[14] in module sc_node_v1_0_19_si_handler__parameterized6 is either unconnected or has no load
INFO: [Synth 8-7129] Port s_axis_arb_tdata[13] in module sc_node_v1_0_19_si_handler__parameterized6 is either unconnected or has no load
INFO: [Synth 8-7129] Port s_axis_arb_tdata[12] in module sc_node_v1_0_19_si_handler__parameterized6 is either unconnected or has no load
INFO: [Synth 8-7129] Port s_axis_arb_tdata[11] in module sc_node_v1_0_19_si_handler__parameterized6 is either unconnected or has no load
INFO: [Synth 8-7129] Port s_axis_arb_tdata[10] in module sc_node_v1_0_19_si_handler__parameterized6 is either unconnected or has no load
INFO: [Common 17-14] Message 'Synth 8-7129' appears 100 times and further instances of the messages will be disabled. Use the Tcl command set_msg_config to change the current settings.
---------------------------------------------------------------------------------
Finished RTL Elaboration : Time (s): cpu = 00:00:57 ; elapsed = 00:01:32 . Memory (MB): peak = 1673.859 ; gain = 827.492
---------------------------------------------------------------------------------
---------------------------------------------------------------------------------
Start Handling Custom Attributes
---------------------------------------------------------------------------------
---------------------------------------------------------------------------------
Finished Handling Custom Attributes : Time (s): cpu = 00:00:57 ; elapsed = 00:01:33 . Memory (MB): peak = 1673.859 ; gain = 827.492
---------------------------------------------------------------------------------
---------------------------------------------------------------------------------
Finished RTL Optimization Phase 1 : Time (s): cpu = 00:00:57 ; elapsed = 00:01:33 . Memory (MB): peak = 1673.859 ; gain = 827.492
---------------------------------------------------------------------------------
Netlist sorting complete. Time (s): cpu = 00:00:06 ; elapsed = 00:00:09 . Memory (MB): peak = 1673.859 ; gain = 0.000
INFO: [Netlist 29-17] Analyzing 1 Unisim elements for replacement
INFO: [Netlist 29-28] Unisim Transformation completed in 0 CPU seconds
INFO: [Project 1-570] Preparing netlist for logic optimization

Processing XDC Constraints
Initializing timing engine
Parsing XDC File [d:/project/DPU_Project_vivado/DPU_vivado/DPU_vivado.gen/sources_1/bd/DPU/ip/DPU_axi_smc_0/ooc.xdc] for cell 'inst'
Finished Parsing XDC File [d:/project/DPU_Project_vivado/DPU_vivado/DPU_vivado.gen/sources_1/bd/DPU/ip/DPU_axi_smc_0/ooc.xdc] for cell 'inst'
Parsing XDC File [d:/project/DPU_Project_vivado/DPU_vivado/DPU_vivado.gen/sources_1/bd/DPU/ip/DPU_axi_smc_0/bd_0/ip/ip_1/bd_1c95_psr_aclk_0_board.xdc] for cell 'inst/clk_map/psr_aclk/U0'
Finished Parsing XDC File [d:/project/DPU_Project_vivado/DPU_vivado/DPU_vivado.gen/sources_1/bd/DPU/ip/DPU_axi_smc_0/bd_0/ip/ip_1/bd_1c95_psr_aclk_0_board.xdc] for cell 'inst/clk_map/psr_aclk/U0'
Parsing XDC File [d:/project/DPU_Project_vivado/DPU_vivado/DPU_vivado.gen/sources_1/bd/DPU/ip/DPU_axi_smc_0/smartconnect.xdc] for cell 'inst'
Finished Parsing XDC File [d:/project/DPU_Project_vivado/DPU_vivado/DPU_vivado.gen/sources_1/bd/DPU/ip/DPU_axi_smc_0/smartconnect.xdc] for cell 'inst'
Parsing XDC File [D:/project/DPU_Project_vivado/DPU_vivado/DPU_vivado.runs/DPU_axi_smc_0_synth_1/dont_touch.xdc]
Finished Parsing XDC File [D:/project/DPU_Project_vivado/DPU_vivado/DPU_vivado.runs/DPU_axi_smc_0_synth_1/dont_touch.xdc]
INFO: [Project 1-236] Implementation specific constraints were found while reading constraint file [C:/AMDDesignTools/2025.2/Vivado/data/ip/xpm/xpm_cdc/tcl/xpm_cdc_single.tcl]. These constraints will be ignored for synthesis but will be used in implementation. Impacted constraints are listed in the file [.Xil/DPU_axi_smc_0_propImpl.xdc].
Resolution: To avoid this warning, move constraints listed in [.Xil/DPU_axi_smc_0_propImpl.xdc] to another XDC file and exclude this new file from synthesis with the used_in_synthesis property (File Properties dialog in GUI) and re-run elaboration/synthesis.
INFO: [Project 1-1714] 47 XPM XDC files have been applied to the design.
Completed Processing XDC Constraints

Netlist sorting complete. Time (s): cpu = 00:00:00 ; elapsed = 00:00:00.062 . Memory (MB): peak = 1873.441 ; gain = 0.000
INFO: [Project 1-111] Unisim Transformation Summary:
  A total of 1 instances were transformed.
  SRL16 => SRL16E: 1 instance 

Constraint Validation Runtime : Time (s): cpu = 00:00:02 ; elapsed = 00:00:02 . Memory (MB): peak = 1891.312 ; gain = 17.871
INFO: [Designutils 20-5008] Incremental synthesis strategy off
---------------------------------------------------------------------------------
Finished Constraint Validation : Time (s): cpu = 00:02:23 ; elapsed = 00:03:47 . Memory (MB): peak = 1891.312 ; gain = 1044.945
---------------------------------------------------------------------------------
---------------------------------------------------------------------------------
Start Loading Part and Timing Information
---------------------------------------------------------------------------------
Loading part: xc7z020clg400-1
---------------------------------------------------------------------------------
Finished Loading Part and Timing Information : Time (s): cpu = 00:02:23 ; elapsed = 00:03:47 . Memory (MB): peak = 1891.312 ; gain = 1044.945
---------------------------------------------------------------------------------
---------------------------------------------------------------------------------
Start Applying 'set_property' XDC Constraints
---------------------------------------------------------------------------------
---------------------------------------------------------------------------------
Finished applying 'set_property' XDC Constraints : Time (s): cpu = 00:02:23 ; elapsed = 00:03:47 . Memory (MB): peak = 1891.312 ; gain = 1044.945
---------------------------------------------------------------------------------
INFO: [Synth 8-802] inferred FSM for state register 'gen_axi.gen_write.write_cs_reg' in module 'sc_mmu_v1_0_16_decerr_slave'
INFO: [Synth 8-802] inferred FSM for state register 'gen_endpoint.w_state_reg' in module 'sc_mmu_v1_0_16_top'
INFO: [Synth 8-802] inferred FSM for state register 'gen_endpoint.r_state_reg' in module 'sc_mmu_v1_0_16_top'
INFO: [Synth 8-802] inferred FSM for state register 'w_state_reg' in module 'sc_si_converter_v1_0_16_axilite_conv'
INFO: [Synth 8-802] inferred FSM for state register 'r_state_reg' in module 'sc_si_converter_v1_0_16_axilite_conv'
---------------------------------------------------------------------------------------------------
                   State |                     New Encoding |                Previous Encoding 
---------------------------------------------------------------------------------------------------
            P_WRITE_IDLE |                              001 |                               00
            P_WRITE_DATA |                              010 |                               01
            P_WRITE_RESP |                              100 |                               10
---------------------------------------------------------------------------------------------------
INFO: [Synth 8-3354] encoded FSM with state register 'gen_axi.gen_write.write_cs_reg' using encoding 'one-hot' in module 'sc_mmu_v1_0_16_decerr_slave'
---------------------------------------------------------------------------------------------------
                   State |                     New Encoding |                Previous Encoding 
---------------------------------------------------------------------------------------------------
                  iSTATE |                               00 | 00000000000000000000000000000000
*
                 W_STALL |                               01 | 00000000000000000000000000000001
               W_PENDING |                               10 | 00000000000000000000000000000010
                W_DECERR |                               11 | 00000000000000000000000000000011
---------------------------------------------------------------------------------------------------
INFO: [Synth 8-3354] encoded FSM with state register 'gen_endpoint.w_state_reg' using encoding 'sequential' in module 'sc_mmu_v1_0_16_top'
---------------------------------------------------------------------------------------------------
                   State |                     New Encoding |                Previous Encoding 
---------------------------------------------------------------------------------------------------
                  iSTATE |                               00 | 00000000000000000000000000000000
*
                 R_STALL |                               01 | 00000000000000000000000000000001
               R_PENDING |                               10 | 00000000000000000000000000000010
                R_DECERR |                               11 | 00000000000000000000000000000011
---------------------------------------------------------------------------------------------------
INFO: [Synth 8-3354] encoded FSM with state register 'gen_endpoint.r_state_reg' using encoding 'sequential' in module 'sc_mmu_v1_0_16_top'
---------------------------------------------------------------------------------------------------
                   State |                     New Encoding |                Previous Encoding 
---------------------------------------------------------------------------------------------------
                  W_IDLE |                              000 | 00000000000000000000000000000000
                    W_RX |                              001 | 00000000000000000000000000000001
                    W_TX |                              010 | 00000000000000000000000000000010
              W_COMPLETE |                              011 | 00000000000000000000000000000100
               W_RECOVER |                              100 | 00000000000000000000000000000011
---------------------------------------------------------------------------------------------------
INFO: [Synth 8-3354] encoded FSM with state register 'w_state_reg' using encoding 'sequential' in module 'sc_si_converter_v1_0_16_axilite_conv'
---------------------------------------------------------------------------------------------------
                   State |                     New Encoding |                Previous Encoding 
---------------------------------------------------------------------------------------------------
                  R_IDLE |                             0001 | 00000000000000000000000000000000
               R_PENDING |                             0010 | 00000000000000000000000000000001
                    R_RX |                             0100 | 00000000000000000000000000000010
                    R_TX |                             1000 | 00000000000000000000000000000011
---------------------------------------------------------------------------------------------------
INFO: [Synth 8-3354] encoded FSM with state register 'r_state_reg' using encoding 'one-hot' in module 'sc_si_converter_v1_0_16_axilite_conv'
---------------------------------------------------------------------------------
Finished RTL Optimization Phase 2 : Time (s): cpu = 00:02:35 ; elapsed = 00:04:07 . Memory (MB): peak = 1891.312 ; gain = 1044.945
---------------------------------------------------------------------------------
---------------------------------------------------------------------------------
Start RTL Component Statistics 
---------------------------------------------------------------------------------
---------------------------------------------------------------------------------
Finished RTL Component Statistics 
---------------------------------------------------------------------------------
---------------------------------------------------------------------------------
Start Part Resource Summary
---------------------------------------------------------------------------------
Part Resources:
DSPs: 220 (col length:60)
BRAMs: 280 (col length: RAMB18 60 RAMB36 30)
---------------------------------------------------------------------------------
Finished Part Resource Summary
---------------------------------------------------------------------------------
---------------------------------------------------------------------------------
Start Cross Boundary and Area Optimization
---------------------------------------------------------------------------------
WARNING: [Synth 8-3332] Sequential element (clk_map/psr_aclk/U0/FDRE_inst) is unused and will be removed from module bd_1c95.
WARNING: [Synth 8-3332] Sequential element (clk_map/psr_aclk/U0/BSR_OUT_DFF[0].FDRE_BSR) is unused and will be removed from module bd_1c95.
WARNING: [Synth 8-3332] Sequential element (clk_map/psr_aclk/U0/PR_OUT_DFF[0].FDRE_PER) is unused and will be removed from module bd_1c95.
WARNING: [Synth 8-3332] Sequential element (clk_map/psr_aclk/U0/ACTIVE_LOW_PR_OUT_DFF[0].FDRE_PER_N) is unused and will be removed from module bd_1c95.
---------------------------------------------------------------------------------
Finished Cross Boundary and Area Optimization : Time (s): cpu = 00:03:22 ; elapsed = 00:05:29 . Memory (MB): peak = 1891.312 ; gain = 1044.945
---------------------------------------------------------------------------------
---------------------------------------------------------------------------------
Start Applying XDC Timing Constraints
---------------------------------------------------------------------------------
---------------------------------------------------------------------------------
Finished Applying XDC Timing Constraints : Time (s): cpu = 00:03:43 ; elapsed = 00:06:04 . Memory (MB): peak = 1891.312 ; gain = 1044.945
---------------------------------------------------------------------------------
---------------------------------------------------------------------------------
Start Timing Optimization
---------------------------------------------------------------------------------
---------------------------------------------------------------------------------
Finished Timing Optimization : Time (s): cpu = 00:03:54 ; elapsed = 00:06:25 . Memory (MB): peak = 1924.352 ; gain = 1077.984
---------------------------------------------------------------------------------
---------------------------------------------------------------------------------
Start Technology Mapping
---------------------------------------------------------------------------------
---------------------------------------------------------------------------------
Finished Technology Mapping : Time (s): cpu = 00:03:59 ; elapsed = 00:06:34 . Memory (MB): peak = 1930.250 ; gain = 1083.883
---------------------------------------------------------------------------------
---------------------------------------------------------------------------------
Start IO Insertion
---------------------------------------------------------------------------------
---------------------------------------------------------------------------------
Start Flattening Before IO Insertion
---------------------------------------------------------------------------------
---------------------------------------------------------------------------------
Finished Flattening Before IO Insertion
---------------------------------------------------------------------------------
---------------------------------------------------------------------------------
Start Final Netlist Cleanup
---------------------------------------------------------------------------------
---------------------------------------------------------------------------------
Finished Final Netlist Cleanup
---------------------------------------------------------------------------------
---------------------------------------------------------------------------------
Finished IO Insertion : Time (s): cpu = 00:04:20 ; elapsed = 00:07:14 . Memory (MB): peak = 2145.523 ; gain = 1299.156
---------------------------------------------------------------------------------
---------------------------------------------------------------------------------
Start Renaming Generated Instances
---------------------------------------------------------------------------------
---------------------------------------------------------------------------------
Finished Renaming Generated Instances : Time (s): cpu = 00:04:20 ; elapsed = 00:07:14 . Memory (MB): peak = 2145.523 ; gain = 1299.156
---------------------------------------------------------------------------------
---------------------------------------------------------------------------------
Start Rebuilding User Hierarchy
---------------------------------------------------------------------------------
---------------------------------------------------------------------------------
Finished Rebuilding User Hierarchy : Time (s): cpu = 00:04:21 ; elapsed = 00:07:15 . Memory (MB): peak = 2145.523 ; gain = 1299.156
---------------------------------------------------------------------------------
---------------------------------------------------------------------------------
Start Renaming Generated Ports
---------------------------------------------------------------------------------
---------------------------------------------------------------------------------
Finished Renaming Generated Ports : Time (s): cpu = 00:04:21 ; elapsed = 00:07:15 . Memory (MB): peak = 2145.523 ; gain = 1299.156
---------------------------------------------------------------------------------
---------------------------------------------------------------------------------
Start Handling Custom Attributes
---------------------------------------------------------------------------------
---------------------------------------------------------------------------------
Finished Handling Custom Attributes : Time (s): cpu = 00:04:21 ; elapsed = 00:07:15 . Memory (MB): peak = 2145.523 ; gain = 1299.156
---------------------------------------------------------------------------------
---------------------------------------------------------------------------------
Start Renaming Generated Nets
---------------------------------------------------------------------------------
---------------------------------------------------------------------------------
Finished Renaming Generated Nets : Time (s): cpu = 00:04:21 ; elapsed = 00:07:15 . Memory (MB): peak = 2145.523 ; gain = 1299.156
---------------------------------------------------------------------------------
---------------------------------------------------------------------------------
Start Writing Synthesis Report
---------------------------------------------------------------------------------

Report BlackBoxes: 
+-+--------------+----------+
| |BlackBox name |Instances |
+-+--------------+----------+
+-+--------------+----------+

Report Cell Usage: 
+------+-------+------+
|      |Cell   |Count |
+------+-------+------+
|1     |CARRY4 |    11|
|2     |LUT1   |   124|
|3     |LUT2   |   128|
|4     |LUT3   |   212|
|5     |LUT4   |   108|
|6     |LUT5   |   131|
|7     |LUT6   |   167|
|8     |SRL16  |     1|
|9     |FDCE   |   135|
|10    |FDRE   |   648|
|11    |FDSE   |    31|
+------+-------+------+
---------------------------------------------------------------------------------
Finished Writing Synthesis Report : Time (s): cpu = 00:04:21 ; elapsed = 00:07:16 . Memory (MB): peak = 2145.523 ; gain = 1299.156
---------------------------------------------------------------------------------
Synthesis finished with 0 errors, 0 critical warnings and 4 warnings.
Synthesis Optimization Runtime : Time (s): cpu = 00:02:16 ; elapsed = 00:05:28 . Memory (MB): peak = 2145.523 ; gain = 1081.703
Synthesis Optimization Complete : Time (s): cpu = 00:04:22 ; elapsed = 00:07:17 . Memory (MB): peak = 2145.523 ; gain = 1299.156
INFO: [Project 1-571] Translating synthesized netlist
Netlist sorting complete. Time (s): cpu = 00:00:00 ; elapsed = 00:00:04 . Memory (MB): peak = 2145.523 ; gain = 0.000
INFO: [Netlist 29-17] Analyzing 12 Unisim elements for replacement
INFO: [Netlist 29-28] Unisim Transformation completed in 0 CPU seconds
INFO: [Project 1-570] Preparing netlist for logic optimization
INFO: [Opt 31-138] Pushed 0 inverter(s) to 0 load pin(s).
Netlist sorting complete. Time (s): cpu = 00:00:00 ; elapsed = 00:00:00.006 . Memory (MB): peak = 2158.312 ; gain = 0.000
INFO: [Project 1-111] Unisim Transformation Summary:
  A total of 1 instances were transformed.
  SRL16 => SRL16E: 1 instance 

Synth Design complete | Checksum: ce2588ae
INFO: [Common 17-83] Releasing license: Synthesis
256 Infos, 10 Warnings, 0 Critical Warnings and 0 Errors encountered.
synth_design completed successfully
synth_design: Time (s): cpu = 00:04:46 ; elapsed = 00:08:07 . Memory (MB): peak = 2158.312 ; gain = 1556.867
Write ShapeDB Complete: Time (s): cpu = 00:00:00 ; elapsed = 00:00:00.021 . Memory (MB): peak = 2158.312 ; gain = 0.000
INFO: [Common 17-1381] The checkpoint 'D:/project/DPU_Project_vivado/DPU_vivado/DPU_vivado.runs/DPU_axi_smc_0_synth_1/DPU_axi_smc_0.dcp' has been generated.
write_vhdl: Time (s): cpu = 00:00:04 ; elapsed = 00:00:08 . Memory (MB): peak = 2158.312 ; gain = 0.000
INFO: [Coretcl 2-1648] Added synthesis output to IP cache for IP DPU_axi_smc_0, cache-ID = acf48bf466d1f97d
INFO: [Coretcl 2-1174] Renamed 194 cell refs.
Write ShapeDB Complete: Time (s): cpu = 00:00:00 ; elapsed = 00:00:00.026 . Memory (MB): peak = 2158.312 ; gain = 0.000
INFO: [Common 17-1381] The checkpoint 'D:/project/DPU_Project_vivado/DPU_vivado/DPU_vivado.runs/DPU_axi_smc_0_synth_1/DPU_axi_smc_0.dcp' has been generated.
INFO: [Vivado 12-24828] Executing command : report_utilization -file DPU_axi_smc_0_utilization_synth.rpt -pb DPU_axi_smc_0_utilization_synth.pb
write_vhdl: Time (s): cpu = 00:00:04 ; elapsed = 00:00:19 . Memory (MB): peak = 2158.312 ; gain = 0.000
INFO: [Common 17-206] Exiting Vivado at Thu Sep 10 19:07:08 2026...
