Copyright 1986-2022 Xilinx, Inc. All Rights Reserved. Copyright 2022-2025 Advanced Micro Devices, Inc. All Rights Reserved.
---------------------------------------------------------------------------------------------------------------------------------------------
| Tool Version : Vivado v.2025.2 (win64) Build 6299465 Fri Nov 14 19:35:11 GMT 2025
| Date         : Thu Sep 10 20:16:50 2026
| Host         : LAPTOP-MPD8ATBV running 64-bit major release  (build 9200)
| Command      : report_drc -file DPU_wrapper_drc_routed.rpt -pb DPU_wrapper_drc_routed.pb -rpx DPU_wrapper_drc_routed.rpx
| Design       : DPU_wrapper
| Device       : xc7z020clg400-1
| Speed File   : -1
| Design State : Fully Routed
---------------------------------------------------------------------------------------------------------------------------------------------

Report DRC

Table of Contents
-----------------
1. REPORT SUMMARY
2. REPORT DETAILS

1. REPORT SUMMARY
-----------------
            Netlist: netlist
          Floorplan: design_1
      Design limits: <entire design considered>
           Ruledeck: default
             Max checks: <unlimited>
             Checks found: 18
+-----------+----------+------------------------+--------+
| Rule      | Severity | Description            | Checks |
+-----------+----------+------------------------+--------+
| DPIP-1    | Warning  | Input pipelining       | 2      |
| DPOP-2    | Warning  | MREG Output pipelining | 5      |
| PDRC-62   | Warning  | SLICEM_5lutO5_B5       | 5      |
| PDRC-63   | Warning  | SLICEM_5lutO5_A5       | 5      |
| RTSTAT-10 | Warning  | No routable loads      | 1      |
+-----------+----------+------------------------+--------+

2. REPORT DETAILS
-----------------
DPIP-1#1 Warning
Input pipelining  
DSP DPU_i/dpu_conv_top_0/inst/mul_ln112_1_reg_761_reg input DPU_i/dpu_conv_top_0/inst/mul_ln112_1_reg_761_reg/A[29:0] is not pipelined. Pipelining DSP48 input will improve performance.
Related violations: <none>

DPIP-1#2 Warning
Input pipelining  
DSP DPU_i/dpu_conv_top_0/inst/mul_ln82_1_reg_766_reg input DPU_i/dpu_conv_top_0/inst/mul_ln82_1_reg_766_reg/A[29:0] is not pipelined. Pipelining DSP48 input will improve performance.
Related violations: <none>

DPOP-2#1 Warning
MREG Output pipelining  
DSP DPU_i/dpu_conv_top_0/inst/grp_conv3x3_relu_fu_393/bound7_reg_684_reg multiplier stage DPU_i/dpu_conv_top_0/inst/grp_conv3x3_relu_fu_393/bound7_reg_684_reg/P[47:0] is not pipelined (MREG=0). Pipelining the multiplier function will improve performance and will save significant power so it is suggested whenever possible to fully pipeline this function.  If this multiplier was inferred, it is suggested to describe an additional register stage after this function.  If there is no registered adder/accumulator following the multiply function, two pipeline stages are suggested to allow both the MREG and PREG registers to be used.  If the DSP48 was instantiated in the design, it is suggested to set both the MREG and PREG attributes to 1 when performing multiply functions.
Related violations: <none>

DPOP-2#2 Warning
MREG Output pipelining  
DSP DPU_i/dpu_conv_top_0/inst/mul_ln112_1_reg_761_reg multiplier stage DPU_i/dpu_conv_top_0/inst/mul_ln112_1_reg_761_reg/P[47:0] is not pipelined (MREG=0). Pipelining the multiplier function will improve performance and will save significant power so it is suggested whenever possible to fully pipeline this function.  If this multiplier was inferred, it is suggested to describe an additional register stage after this function.  If there is no registered adder/accumulator following the multiply function, two pipeline stages are suggested to allow both the MREG and PREG registers to be used.  If the DSP48 was instantiated in the design, it is suggested to set both the MREG and PREG attributes to 1 when performing multiply functions.
Related violations: <none>

DPOP-2#3 Warning
MREG Output pipelining  
DSP DPU_i/dpu_conv_top_0/inst/mul_ln112_reg_743_reg multiplier stage DPU_i/dpu_conv_top_0/inst/mul_ln112_reg_743_reg/P[47:0] is not pipelined (MREG=0). Pipelining the multiplier function will improve performance and will save significant power so it is suggested whenever possible to fully pipeline this function.  If this multiplier was inferred, it is suggested to describe an additional register stage after this function.  If there is no registered adder/accumulator following the multiply function, two pipeline stages are suggested to allow both the MREG and PREG registers to be used.  If the DSP48 was instantiated in the design, it is suggested to set both the MREG and PREG attributes to 1 when performing multiply functions.
Related violations: <none>

DPOP-2#4 Warning
MREG Output pipelining  
DSP DPU_i/dpu_conv_top_0/inst/mul_ln82_1_reg_766_reg multiplier stage DPU_i/dpu_conv_top_0/inst/mul_ln82_1_reg_766_reg/P[47:0] is not pipelined (MREG=0). Pipelining the multiplier function will improve performance and will save significant power so it is suggested whenever possible to fully pipeline this function.  If this multiplier was inferred, it is suggested to describe an additional register stage after this function.  If there is no registered adder/accumulator following the multiply function, two pipeline stages are suggested to allow both the MREG and PREG registers to be used.  If the DSP48 was instantiated in the design, it is suggested to set both the MREG and PREG attributes to 1 when performing multiply functions.
Related violations: <none>

DPOP-2#5 Warning
MREG Output pipelining  
DSP DPU_i/dpu_conv_top_0/inst/mul_ln82_reg_755_reg multiplier stage DPU_i/dpu_conv_top_0/inst/mul_ln82_reg_755_reg/P[47:0] is not pipelined (MREG=0). Pipelining the multiplier function will improve performance and will save significant power so it is suggested whenever possible to fully pipeline this function.  If this multiplier was inferred, it is suggested to describe an additional register stage after this function.  If there is no registered adder/accumulator following the multiply function, two pipeline stages are suggested to allow both the MREG and PREG registers to be used.  If the DSP48 was instantiated in the design, it is suggested to set both the MREG and PREG attributes to 1 when performing multiply functions.
Related violations: <none>

PDRC-62#1 Warning
SLICEM_5lutO5_B5  
Dangling output pin O5 on site SLICE_X26Y36:B5LUT. For this programming the O5 output pin should have a signal.
Related violations: <none>

PDRC-62#2 Warning
SLICEM_5lutO5_B5  
Dangling output pin O5 on site SLICE_X30Y100:B5LUT. For this programming the O5 output pin should have a signal.
Related violations: <none>

PDRC-62#3 Warning
SLICEM_5lutO5_B5  
Dangling output pin O5 on site SLICE_X32Y66:B5LUT. For this programming the O5 output pin should have a signal.
Related violations: <none>

PDRC-62#4 Warning
SLICEM_5lutO5_B5  
Dangling output pin O5 on site SLICE_X36Y39:B5LUT. For this programming the O5 output pin should have a signal.
Related violations: <none>

PDRC-62#5 Warning
SLICEM_5lutO5_B5  
Dangling output pin O5 on site SLICE_X98Y49:B5LUT. For this programming the O5 output pin should have a signal.
Related violations: <none>

PDRC-63#1 Warning
SLICEM_5lutO5_A5  
Dangling output pin O5 on site SLICE_X102Y49:A5LUT. For this programming the O5 output pin should have a signal.
Related violations: <none>

PDRC-63#2 Warning
SLICEM_5lutO5_A5  
Dangling output pin O5 on site SLICE_X26Y36:A5LUT. For this programming the O5 output pin should have a signal.
Related violations: <none>

PDRC-63#3 Warning
SLICEM_5lutO5_A5  
Dangling output pin O5 on site SLICE_X36Y39:A5LUT. For this programming the O5 output pin should have a signal.
Related violations: <none>

PDRC-63#4 Warning
SLICEM_5lutO5_A5  
Dangling output pin O5 on site SLICE_X38Y64:A5LUT. For this programming the O5 output pin should have a signal.
Related violations: <none>

PDRC-63#5 Warning
SLICEM_5lutO5_A5  
Dangling output pin O5 on site SLICE_X62Y90:A5LUT. For this programming the O5 output pin should have a signal.
Related violations: <none>

RTSTAT-10#1 Warning
No routable loads  
15 net(s) have no routable loads. The problem bus(es) and/or net(s) are DPU_i/axi_smc/inst/m01_nodes/m01_ar_node/inst/mi_handler_m_sc_areset_pipe,
DPU_i/axi_smc/inst/m01_nodes/m01_aw_node/inst/mi_handler_m_sc_areset_pipe,
DPU_i/axi_smc/inst/m00_nodes/m00_w_node/inst/mi_handler_m_sc_areset_pipe,
DPU_i/axi_smc/inst/m00_nodes/m00_b_node/inst/mi_handler_m_sc_areset_pipe,
DPU_i/axi_smc/inst/m00_nodes/m00_r_node/inst/mi_handler_m_sc_areset_pipe,
DPU_i/axi_smc/inst/s00_nodes/s00_w_node/inst/mi_handler_m_sc_areset_pipe,
DPU_i/axi_smc/inst/s00_nodes/s00_aw_node/inst/mi_handler_m_sc_areset_pipe,
DPU_i/axi_smc/inst/m00_nodes/m00_ar_node/inst/mi_handler_m_sc_areset_pipe,
DPU_i/axi_smc/inst/m01_nodes/m01_r_node/inst/mi_handler_m_sc_areset_pipe,
DPU_i/axi_smc/inst/m00_nodes/m00_aw_node/inst/mi_handler_m_sc_areset_pipe,
DPU_i/axi_smc/inst/m01_nodes/m01_w_node/inst/mi_handler_m_sc_areset_pipe,
DPU_i/axi_smc/inst/s00_nodes/s00_ar_node/inst/mi_handler_m_sc_areset_pipe,
DPU_i/axi_smc/inst/m01_nodes/m01_b_node/inst/mi_handler_m_sc_areset_pipe
DPU_i/axi_smc/inst/s00_nodes/s00_b_node/inst/mi_handler_m_sc_areset_pipe.
Related violations: <none>


