#-----------------------------------------------------------
# Vivado v2025.2 (64-bit)
# SW Build 6299465 on Fri Nov 14 19:35:11 GMT 2025
# IP Build 6300035 on Fri Nov 14 10:48:45 MST 2025
# SharedData Build 6298862 on Thu Nov 13 04:50:51 MST 2025
# Start of session at: Thu Sep 10 19:47:31 2026
# Process ID         : 8292
# Current directory  : D:/project/DPU_Project_vivado/DPU_vivado/DPU_vivado.runs/impl_1
# Command line       : vivado.exe -log DPU_wrapper.vdi -applog -product Vivado -messageDb vivado.pb -mode batch -source DPU_wrapper.tcl -notrace
# Log file           : D:/project/DPU_Project_vivado/DPU_vivado/DPU_vivado.runs/impl_1/DPU_wrapper.vdi
# Journal file       : D:/project/DPU_Project_vivado/DPU_vivado/DPU_vivado.runs/impl_1\vivado.jou
# Running On         : LAPTOP-MPD8ATBV
# Platform           : Windows Server 2016 or Windows 10
# Operating System   : 26200
# Processor Detail   : Intel(R) Core(TM) 5 120U
# CPU Frequency      : 2496 MHz
# CPU Physical cores : 10
# CPU Logical cores  : 12
# Host memory        : 16845 MB
# Swap memory        : 9126 MB
# Total Virtual      : 25972 MB
# Available Virtual  : 7321 MB
#-----------------------------------------------------------
source DPU_wrapper.tcl -notrace
